 operating system is UNIX !

 ridft (gplogin2.gp.local) : TURBOMOLE V7.3 ( 22118 ) 1 Jul 2018 at 20:38:15
 Copyright (C) 2018 TURBOMOLE GmbH, Karlsruhe


    2019-02-12 23:53:28.318 



                                  r i d f t

                        DFT program with RI approximation 
                                for coulomb part 




                                                 
                                 References:     
                                                 
          TURBOMOLE:                             
              R. Ahlrichs, M. Baer, M. Haeser, H. Horn, and
              C. Koelmel
              Electronic structure calculations on workstation
              computers: the program system TURBOMOLE
              Chem. Phys. Lett. 162: 165 (1989)
          Density Functional:                              
              O. Treutler and R. Ahlrichs                      
              Efficient Molecular Numerical Integration Schemes
              J. Chem. Phys. 102: 346 (1995)                   
          Parallel Version:                                
              Performance of parallel TURBOMOLE for Density    
              Functional Calculations                          
              M. v. Arnim and R. Ahlrichs                      
              J. Comp. Chem. 19: 1746 (1998)                   
          RI-J Method:                                     
              Auxiliary Basis Sets to approximate Coulomb      
              Potentials                                       
              Chem. Phys. Lett. 240: 283 (1995)                
              K. Eichkorn, O. Treutler, H. Oehm, M. Haeser     
              and R. Ahlrichs                                  
              Chem. Phys. Lett. 242: 652 (1995)                
                                                           
              Auxiliary Basis Sets for Main Row Atoms and their
              Use to approximate Coulomb Potentials            
              K. Eichkorn, F. Weigend, O. Treutler and         
              R. Ahlrichs                                      
              Theo. Chem. Acc. 97: 119 (1997)                   
                                                           
              Accurate Coulomb-fitting basis sets for H to Rn 
              F. Weigend                                        
              Phys. Chem. Chem. Phys. 8: 1057 (2006)            
                                                           
          Multipole accelerated RI-J (MARI-J):             
              Fast evaluation of the Coulomb potential for     
              electron densities using multipole accelerated   
              resolution of identity approximation             
              M. Sierka, A. Hogekamp and R. Ahlrichs           
              J. Chem. Phys. 118: 9136 (2003)                  
          RI-JK Method:                                     
              A fully direct RI-HF algorithm: Implementation,
              optimised auxiliary basis sets, demonstration of
              accuracy and efficiency                         
              F. Weigend                                      
              Phys. Chem. Chem. Phys. 4: 4285 (2002)           
          Two-component HF and DFT with spin-orbit coupling:  
              Self-consistent treatment of spin-orbit         
              interactions with efficient Hartree-Fock and    
              density functional methods                      
              M. K. Armbruster, F. Weigend, C. van WÃ¼llen and 
              W. Klopper                                      
              Phys. Chem. Chem. Phys. 10: 1748 (2008)         
          Two-component difference density and DIIS algorithm 
              Efficient two-component self-consistent field   
              procedures and gradients: implementation in     
              TURBOMOLE and application to Au20-              
              A. Baldes, F. Weigend                           
              Mol. Phys. 111: 2617 (2013)                     
          Relativistic all-electron 2c calculations           
              An efficient implementation of two-component    
              relativistic exact-decoupling methods for large 
              molecules                                       
              D. Peng, N. Middendorf, F. Weigend, M. Reiher   
              J. Chem. Phys. 138: 184105 (2013)               
          Finite nucleus model and SNSO approximation         
              Efficient implementation of one- and two-       
              component analytical energy gradients in exact  
              two-component theory                            
              Y. J. Franzke, N. Middendorf, F. Weigend        
              J. Chem. Phys. 148: 104110 (2018)               
                                         




              +--------------------------------------------------+
              |      general information about current run       |
              +--------------------------------------------------+

 
no calculation of wave function, analysis of properties only

 DENSITY CONVERGENCE CHECK SWITCHED ON !
 SCF CONVERGENCE IF RMS(delta[D]) <     0.1000000000E-06

 PBE functional
 exchange:    LDA + PBE
 correlation: LDA (PW) + PBE
 A DFT calculation using the RI-J approximation will be carried out.
 Allocatable memory for RI due to $ricore (MB):                110000


              +--------------------------------------------------+
              | Atomic coordinate, charge and isotop information |
              +--------------------------------------------------+

                    atomic coordinates            atom    charge  isotop
          1.54719462    1.71757654    1.66555349    c      6.000     0
         -2.63351196    1.69686384    0.07163914    c      6.000     0
          1.18861571   -0.54996825    0.28890012    c      6.000     0
         -1.42727715   -0.54817147   -0.74095728    c      6.000     0
          3.27366900   -2.16340348    0.10104542    c      6.000     0
          5.81576688    0.69742007    2.53401701    c      6.000     0
         -6.34181871    0.57128841   -2.14831436    c      6.000     0
          5.59763044   -1.53662064    1.18145029    c      6.000     0
         -0.85465563    3.22098460    1.63371602    c      6.000     0
         -5.09075719    2.29301967   -0.59715603    c      6.000     0
          3.80021588    2.37353091    2.81270485    c      6.000     0
         -5.20783663   -1.64263827   -3.00799547    c      6.000     0
         -2.73004967   -2.22630755   -2.30332935    c      6.000     0
          3.17989462   -4.63945688   -1.19946085    n      7.000     0
          8.28444295    1.31316429    3.71016234    n      7.000     0
         -8.98037433    1.12112837   -2.92161404    n      7.000     0
          1.20336677   -5.86144996   -1.02192163    o      8.000     0
          5.10115102   -5.32385741   -2.31235090    o      8.000     0
          8.42496142    3.32640369    4.86890675    o      8.000     0
         -9.93488931    3.08634069   -2.11658740    o      8.000     0
         10.00966540   -0.22638470    3.44409661    o      8.000     0
        -10.03345106   -0.42116704   -4.31341367    o      8.000     0
         -1.23311442    5.24258805    2.66042261    o      8.000     0
         -1.88200223   -3.96628913   -2.95640597    h      1.000     0
          7.20527260   -2.78695597    0.97888817    h      1.000     0
         -6.28296752   -2.89783528   -4.21741311    h      1.000     0
          4.00600067    4.11716410    3.86889712    h      1.000     0
         -6.00514218    4.01303281    0.03652010    h      1.000     0
 
       center of nuclear mass  :    0.16377723    0.03688449    0.09262142
       center of nuclear charge:    0.15220960    0.03152625    0.08409350

              +--------------------------------------------------+
              |               basis set information              |
              +--------------------------------------------------+

              we will work with the 1s 3p 5d 7f 9g ... basis set
              ...i.e. with spherical basis functions...

   type   atoms  prim   cont   basis
   ---------------------------------------------------------------------------
    c       13     77     57   def2-QZVP   [7s4p3d2f1g|15s8p3d2f1g]
    n        3     77     57   def2-QZVP   [7s4p3d2f1g|15s8p3d2f1g]
    o        7     77     57   def2-QZVP   [7s4p3d2f1g|15s8p3d2f1g]
    h        5     33     30   def2-QZVP   [4s3p2d1f|7s3p2d1f]
   ---------------------------------------------------------------------------
   total:   28   1936   1461
   ---------------------------------------------------------------------------

   total number of primitive shells          :  100
   total number of contracted shells         :  441
   total number of cartesian basis functions : 1831
   total number of SCF-basis functions       : 1461


 integral neglect threshold       :  0.18E-13
 integral storage threshold THIZE :  0.10E-04
 integral storage threshold THIME :         5

 RI-J AUXILIARY BASIS SET information:

              we will work with the 1s 3p 5d 7f 9g ... basis set
              ...i.e. with spherical basis functions...

   type   atoms  prim   cont   basis
   ---------------------------------------------------------------------------
    c       13     70     49   def2-QZVP   [6s4p3d1f1g|12s5p4d2f1g]
    n        3     70     49   def2-QZVP   [6s4p3d1f1g|12s5p4d2f1g]
    o        7     70     49   def2-QZVP   [6s4p3d1f1g|12s5p4d2f1g]
    h        5     16     11   def2-QZVP   [3s1p1d|5s2p1d]
   ---------------------------------------------------------------------------
   total:   28   1690   1182
   ---------------------------------------------------------------------------

   total number of primitive shells          :   80
   total number of contracted shells         :  370
   total number of cartesian basis functions : 1463
   total number of SCF-basis functions       : 1182


 symmetry group of the molecule :   c1 

 the group has the following generators :
   c1(z)

    1 symmetry operations found

 there are 1 real representations :   a   

 maximum number of shells which are related by symmetry :  1


    mo occupation :
   irrep   mo's   occupied
    a     1461       80
 
 number of basis functions   :                   1461
 number of occupied orbitals :                     80
 
  
           ------------------
           density functional
           ------------------
 PBE functional
 exchange:    LDA + PBE
 correlation: LDA (PW) + PBE

 iterations will be done with small grid
  
 spherical integration : Lebedev's spherical grid
 spherical gridsize    :                     5
    i.e. gridpoints    :                   590
 value for diffuse not defined
 radial integration    : Chebyshev 2nd kind (scaling 3)
 radial gridsize       :                     8
 integration cells     :                    28
 partition function    : becke
 partition sharpness   :                     3
  

 biggest AO integral is expected to be     6.990327543
  
           ------------------------
               RI-J - INFORMATION
           ------------------------
 Contributions to RI integral batches: 
  neglected integral batches:                 42108
  direct contribution:                            0
  memory contribution:                 55353
 Memory core needed for (P|Q) and Cholesky     11 MByte
 Memory core minimum needed except of (P|Q)     9 MByte
 Total minimum memory core needed (sum)        19 MByte
  
 ****************************************
 Memory allocated for RI-J 10487 MByte
 ****************************************
                                            

          ------------------------
          nuclear repulsion energy  :   1796.39272409    
          ------------------------


         -----------------
         -S,T+V- integrals
         -----------------

 1e-integrals will be neglected if expon. factor < 0.182521E-14
 
   Difference densities algorithm switched on.
   The maximal number of linear combinations of
   difference densities is                    20 .

 DIIS switched on: error vector is FDS-SDF
 Max. Iterations for DIIS is     :   4
 DIIS matrix (see manual) 
    Scaling factor of diagonals  :  1.200
    threshold for scaling factor :  0.000

 scf convergence criterion : increment of total energy < .1000000D-08
                  and increment of one-electron energy < .1000000D-05

  MOs are in ASCII format !


 automatic virtual orbital shift switched on 
      shift if e(lumo)-e(homo) < 0.10000000    


 reading orbital data $scfmo  from file mos
 orbital characterization : scfconv=9
 
 
 
 ==============================================================================
                           electrostatic moments
 ==============================================================================

 reference point for electrostatic moments:    0.00000   0.00000   0.00000

 
              nuc           elec       ->  total
 ------------------------------------------------------------------------------
                          charge      
 ------------------------------------------------------------------------------
         160.000000    -160.000000      -0.000000
 
 ------------------------------------------------------------------------------
                       dipole moment  
 ------------------------------------------------------------------------------
   x      24.353536     -24.239720       0.113816
   y       5.044200      -5.489379      -0.445179
   z      13.454961     -13.676155      -0.221195
 
   | dipole moment | =     0.5100 a.u. =     1.2962 debye 
 
 ------------------------------------------------------------------------------
                     quadrupole moment
 ------------------------------------------------------------------------------
  xx    5686.270411   -5810.088459    -123.818048
  yy    1383.769871   -1488.504331    -104.734460
  zz    1032.482140   -1130.674616     -98.192476
  xy    -476.683075     480.986291       4.303216
  xz    1854.757292   -1862.597113      -7.839821
  yz     565.252587    -569.950422      -4.697835
 
     1/3  trace=    -108.914995
     anisotropy=      28.947811



 ==============================================================================
                  MULLIKEN POPULATION ANALYSIS (CAO-BASIS)
 ==============================================================================

         BRUTTO POPULATIONS  
 
       values displayed are larger than   0.010000
 
 
 atomic populations from total density:
 
 atom      charge    n(s)      n(p)      n(d)      n(f)      n(g)
     1c      0.25254   3.48785   2.12196   0.11275   0.02357   0.00133
     2c      0.27741   3.47242   2.10630   0.11819   0.02434   0.00135
     3c      0.06202   3.55434   2.22254   0.13380   0.02588   0.00142
     4c      0.04387   3.52650   2.26641   0.13628   0.02551   0.00143
     5c      0.11681   3.43253   2.35632   0.06465   0.02800   0.00169
     6c      0.02929   3.41188   2.44326   0.08684   0.02703   0.00170
     7c      0.03374   3.40937   2.44138   0.08709   0.02673   0.00170
     8c      0.02566   3.42729   2.44625   0.08338   0.01659   0.00084
     9c     -0.23686   3.34334   2.69108   0.17482   0.02457   0.00305
    10c     -0.01414   3.44769   2.46413   0.08553   0.01594   0.00086
    11c     -0.03727   3.45049   2.48055   0.08915   0.01622   0.00086
    12c     -0.01903   3.40890   2.49911   0.09482   0.01533   0.00086
    13c      0.00339   3.42441   2.46056   0.09439   0.01636   0.00089
    14n      0.24662   3.43442   3.06367   0.22664   0.02646   0.00219
    15n      0.27037   3.42361   3.05614   0.22095   0.02674   0.00220
    16n      0.27215   3.42437   3.05388   0.22056   0.02685   0.00219
    17o     -0.25407   3.86269   4.33807   0.04698   0.00600   0.00032
    18o     -0.23632   3.85806   4.32469   0.04716   0.00608   0.00033
    19o     -0.24077   3.85631   4.33202   0.04609   0.00603   0.00032
    20o     -0.24502   3.85681   4.33596   0.04591   0.00602   0.00032
    21o     -0.24418   3.85518   4.33632   0.04632   0.00604   0.00033
    22o     -0.24915   3.85408   4.34262   0.04610   0.00603   0.00032
    23o     -0.25022   3.81114   4.39296   0.04191   0.00401   0.00020
    24h      0.04313   0.90435   0.04609   0.00612   0.00031
    25h      0.07451   0.87541   0.04323   0.00652   0.00034
    26h      0.06945   0.88486   0.03930   0.00607   0.00032
    27h      0.10465   0.85089   0.03811   0.00604   0.00032
    28h      0.10143   0.85390   0.03825   0.00609   0.00032
 
 moments (from total density versus population analysis)
 <charge> =            -0.000000           -0.000000
 <x   >   =             0.113816            0.044447
 <y   >   =            -0.445179           -0.453628
 <z   >   =            -0.221195           -0.270459
 
 
 MULLIKEN BRUTTO POPULATIONS FOR SELECTED MOS:

    78a        energy/a.u.:     -0.2748285
 atom      total       s         p         d         f         g
     1c      0.16085   0.00015   0.15697   0.00278   0.00090   0.00005
     2c      0.20375  -0.00005   0.19722   0.00543   0.00107   0.00006
     3c      0.17216   0.00030   0.15479   0.01571   0.00124   0.00011
     4c      0.24842  -0.00010   0.23788   0.00918   0.00138   0.00009
     5c      0.11083  -0.00004   0.10210   0.00746   0.00125   0.00005
     6c      0.22732  -0.00001   0.22626   0.00084   0.00021   0.00003
     7c      0.29858   0.00000   0.29740   0.00079   0.00034   0.00004
     8c      0.06053  -0.00000   0.04938   0.00982   0.00128   0.00006
    10c      0.02502   0.00002   0.00582   0.01716   0.00192   0.00009
    11c      0.01714  -0.00001   0.00165   0.01392   0.00152   0.00007
    12c      0.09176  -0.00000   0.07895   0.01142   0.00132   0.00007
    13c      0.09522   0.00006   0.08351   0.01026   0.00133   0.00006
    17o      0.06811   0.00002   0.06817  -0.00008   0.00000   0.00000
    18o      0.04746  -0.00001   0.04750  -0.00002   0.00000   0.00000
    19o      0.02244  -0.00001   0.02242   0.00002   0.00001   0.00000
    20o      0.02851   0.00000   0.02846   0.00004   0.00001   0.00000
    21o      0.03692  -0.00000   0.03689   0.00002   0.00001   0.00000
    22o      0.04516  -0.00001   0.04511   0.00004   0.00001   0.00000
 
    79a        energy/a.u.:     -0.2708189
 atom      total       s         p         d         f         g
     7c     -0.01790   0.00000  -0.00699  -0.01344   0.00253  -0.00000
    10c      0.03059   0.00160   0.01973   0.00931  -0.00006   0.00000
    12c      0.02954   0.00258   0.01872   0.00828  -0.00005   0.00000
    16n      0.05124   0.00006   0.00096   0.03784   0.01231   0.00007
    20o      0.97100   0.00098   0.97030  -0.00032   0.00004   0.00000
    22o      0.87074   0.00042   0.87051  -0.00025   0.00006   0.00001
    23o      0.01968   0.00000   0.01969  -0.00001  -0.00000  -0.00000
    26h      0.01054   0.00811   0.00216   0.00027   0.00001
 
    80a        energy/a.u.:     -0.2584000
 atom      total       s         p         d         f         g
     1c      0.12223   0.02555   0.09584   0.00053   0.00026   0.00005
     2c      0.12212   0.02218   0.09870   0.00094   0.00025   0.00005
     3c      0.01849   0.00004   0.01309   0.00466   0.00068   0.00002
     4c      0.02413   0.00051   0.01923   0.00368   0.00069   0.00002
     6c      0.01009   0.00078   0.00782   0.00126   0.00022   0.00001
     7c      0.01110   0.00051   0.00922   0.00110   0.00026   0.00001
     9c      0.22193   0.00000   0.13012   0.08731   0.00391   0.00058
    10c      0.02803   0.00128   0.01989   0.00611   0.00074   0.00002
    11c      0.02885   0.00113   0.02108   0.00588   0.00075   0.00002
    18o      0.02539  -0.00025   0.02571  -0.00007  -0.00000   0.00000
    21o      0.02980  -0.00020   0.03007  -0.00006  -0.00000  -0.00000
    22o      0.04743  -0.00017   0.04769  -0.00008  -0.00001  -0.00000
    23o      1.24745  -0.00000   1.24893  -0.00140  -0.00008  -0.00000
 
    81a        energy/a.u.:     -0.1801003
 atom      total       s         p         d         f         g
     1c      0.09246   0.00003   0.07873   0.01205   0.00158   0.00007
     2c      0.09631  -0.00000   0.08790   0.00727   0.00110   0.00005
     3c      0.25117  -0.00021   0.24183   0.00867   0.00084   0.00004
     4c      0.13347   0.00003   0.11803   0.01408   0.00126   0.00007
     5c      0.05527   0.00030   0.03514   0.01892   0.00083   0.00008
     6c      0.09947   0.00002   0.09203   0.00699   0.00038   0.00004
     7c      0.09100  -0.00001   0.08311   0.00755   0.00032   0.00003
     8c      0.08643   0.00012   0.07887   0.00714   0.00027   0.00003
     9c      0.14387   0.00005   0.12738   0.01503   0.00133   0.00009
    11c      0.01602   0.00000   0.00844   0.00724   0.00030   0.00003
    12c      0.10873   0.00002   0.10240   0.00595   0.00033   0.00003
    13c      0.05523   0.00017   0.04286   0.01164   0.00051   0.00004
    14n      0.04420  -0.00004   0.04031   0.00352   0.00040   0.00001
    15n      0.07974   0.00001   0.07052   0.00850   0.00069   0.00002
    16n      0.05191   0.00000   0.04469   0.00668   0.00053   0.00001
    17o      0.03987  -0.00001   0.03959   0.00025   0.00004   0.00000
    18o      0.05236  -0.00010   0.05224   0.00019   0.00004   0.00000
    19o      0.09468  -0.00000   0.09449   0.00013   0.00005   0.00000
    20o      0.06961   0.00000   0.06951   0.00007   0.00003   0.00000
    21o      0.08491   0.00000   0.08477   0.00009   0.00005   0.00000
    22o      0.05469  -0.00000   0.05464   0.00002   0.00003   0.00000
    23o      0.18145  -0.00002   0.18120   0.00020   0.00008  -0.00000
 
 
 
 ==============================================================================
                      CALCULATION OF QUANTITIES ON GRID
 ==============================================================================
 
 
     output format: .cub (cube format)
 
 
 quantities to be calculated are 
 amplitudes of    4 MOs
 
 calculation at a grid of   86*   96*  140 points
 
 origin at            0.00000        0.00000        0.00000
 
 normalised grid vectors:
                        x              y              z
  1. vector:         0.00000        0.00000        1.00000
  2. vector:         0.00000        1.00000        0.00000
  3. vector:         1.00000        0.00000        0.00000
 
                     minimum       increment       maximum
  1. vector:        -8.31341        0.20214        8.86891
  2. vector:        -9.86145        0.20110        9.24259
  3. vector:       -14.03345        0.20175       14.00967
 
 amplitudes on grid will be calculated for
  MO   col spin   energy/a.u   output file
  78a             -0.27483     78a.cub                                 
  79a             -0.27082     79a.cub                                 
  80a             -0.25840     80a.cub                                 
  81a             -0.18010     81a.cub                                 
 
 ==============================================================================
 


    ------------------------------------------------------------------------
         total  cpu-time :  43.35 seconds
         total wall-time :  1 minutes and 55 seconds
    ------------------------------------------------------------------------

   ****  ridft : all done  ****


    2019-02-12 23:55:23.337 

