STARTING ridft ON 16 PROCESSORS!
RUNNING PROGRAM /sopt/TURBOMOLE/7.3-official/bin/em64t-unknown-linux-gnu_smp/ridft_mpi.
           SMPCPUS    set: Shared-memory Parallelization with  16 CPUs.

           SMP Parallelization Reference:
           C. van Wullen, J. Comput. Chem. 32 (2011) 1195--1201
 operating system is UNIX !

 ridft (c-3-41) : TURBOMOLE V7.3 ( 22118 ) 1 Jul 2018 at 20:38:15
 Copyright (C) 2018 TURBOMOLE GmbH, Karlsruhe


    2019-02-12 23:44:58.827 



                                  r i d f t

                        DFT program with RI approximation 
                                for coulomb part 




                                                 
                                 References:     
                                                 
          TURBOMOLE:                             
              R. Ahlrichs, M. Baer, M. Haeser, H. Horn, and
              C. Koelmel
              Electronic structure calculations on workstation
              computers: the program system TURBOMOLE
              Chem. Phys. Lett. 162: 165 (1989)
          Density Functional:                              
              O. Treutler and R. Ahlrichs                      
              Efficient Molecular Numerical Integration Schemes
              J. Chem. Phys. 102: 346 (1995)                   
          Parallel Version:                                
              Performance of parallel TURBOMOLE for Density    
              Functional Calculations                          
              M. v. Arnim and R. Ahlrichs                      
              J. Comp. Chem. 19: 1746 (1998)                   
          RI-J Method:                                     
              Auxiliary Basis Sets to approximate Coulomb      
              Potentials                                       
              Chem. Phys. Lett. 240: 283 (1995)                
              K. Eichkorn, O. Treutler, H. Oehm, M. Haeser     
              and R. Ahlrichs                                  
              Chem. Phys. Lett. 242: 652 (1995)                
                                                           
              Auxiliary Basis Sets for Main Row Atoms and their
              Use to approximate Coulomb Potentials            
              K. Eichkorn, F. Weigend, O. Treutler and         
              R. Ahlrichs                                      
              Theo. Chem. Acc. 97: 119 (1997)                   
                                                           
              Accurate Coulomb-fitting basis sets for H to Rn 
              F. Weigend                                        
              Phys. Chem. Chem. Phys. 8: 1057 (2006)            
                                                           
          Multipole accelerated RI-J (MARI-J):             
              Fast evaluation of the Coulomb potential for     
              electron densities using multipole accelerated   
              resolution of identity approximation             
              M. Sierka, A. Hogekamp and R. Ahlrichs           
              J. Chem. Phys. 118: 9136 (2003)                  
          RI-JK Method:                                     
              A fully direct RI-HF algorithm: Implementation,
              optimised auxiliary basis sets, demonstration of
              accuracy and efficiency                         
              F. Weigend                                      
              Phys. Chem. Chem. Phys. 4: 4285 (2002)           
          Two-component HF and DFT with spin-orbit coupling:  
              Self-consistent treatment of spin-orbit         
              interactions with efficient Hartree-Fock and    
              density functional methods                      
              M. K. Armbruster, F. Weigend, C. van WÃ¼llen and 
              W. Klopper                                      
              Phys. Chem. Chem. Phys. 10: 1748 (2008)         
          Two-component difference density and DIIS algorithm 
              Efficient two-component self-consistent field   
              procedures and gradients: implementation in     
              TURBOMOLE and application to Au20-              
              A. Baldes, F. Weigend                           
              Mol. Phys. 111: 2617 (2013)                     
          Relativistic all-electron 2c calculations           
              An efficient implementation of two-component    
              relativistic exact-decoupling methods for large 
              molecules                                       
              D. Peng, N. Middendorf, F. Weigend, M. Reiher   
              J. Chem. Phys. 138: 184105 (2013)               
          Finite nucleus model and SNSO approximation         
              Efficient implementation of one- and two-       
              component analytical energy gradients in exact  
              two-component theory                            
              Y. J. Franzke, N. Middendorf, F. Weigend        
              J. Chem. Phys. 148: 104110 (2018)               
                                         




              +--------------------------------------------------+
              |      general information about current run       |
              +--------------------------------------------------+

 

 DENSITY CONVERGENCE CHECK SWITCHED ON !
 SCF CONVERGENCE IF RMS(delta[D]) <     0.1000000000E-06

 PBE functional
 exchange:    LDA + PBE
 correlation: LDA (PW) + PBE
 A DFT calculation using the RI-J approximation will be carried out.
 Allocatable memory for RI due to $ricore (MB):                110000


              +--------------------------------------------------+
              | Atomic coordinate, charge and isotop information |
              +--------------------------------------------------+

                    atomic coordinates            atom    charge  isotop
          1.54719462    1.71757654    1.66555349    c      6.000     0
         -2.63351196    1.69686384    0.07163914    c      6.000     0
          1.18861571   -0.54996825    0.28890012    c      6.000     0
         -1.42727715   -0.54817147   -0.74095728    c      6.000     0
          3.27366900   -2.16340348    0.10104542    c      6.000     0
          5.81576688    0.69742007    2.53401701    c      6.000     0
         -6.34181871    0.57128841   -2.14831436    c      6.000     0
          5.59763044   -1.53662064    1.18145029    c      6.000     0
         -0.85465563    3.22098460    1.63371602    c      6.000     0
         -5.09075719    2.29301967   -0.59715603    c      6.000     0
          3.80021588    2.37353091    2.81270485    c      6.000     0
         -5.20783663   -1.64263827   -3.00799547    c      6.000     0
         -2.73004967   -2.22630755   -2.30332935    c      6.000     0
          3.17989462   -4.63945688   -1.19946085    n      7.000     0
          8.28444295    1.31316429    3.71016234    n      7.000     0
         -8.98037433    1.12112837   -2.92161404    n      7.000     0
          1.20336677   -5.86144996   -1.02192163    o      8.000     0
          5.10115102   -5.32385741   -2.31235090    o      8.000     0
          8.42496142    3.32640369    4.86890675    o      8.000     0
         -9.93488931    3.08634069   -2.11658740    o      8.000     0
         10.00966540   -0.22638470    3.44409661    o      8.000     0
        -10.03345106   -0.42116704   -4.31341367    o      8.000     0
         -1.23311442    5.24258805    2.66042261    o      8.000     0
         -1.88200223   -3.96628913   -2.95640597    h      1.000     0
          7.20527260   -2.78695597    0.97888817    h      1.000     0
         -6.28296752   -2.89783528   -4.21741311    h      1.000     0
          4.00600067    4.11716410    3.86889712    h      1.000     0
         -6.00514218    4.01303281    0.03652010    h      1.000     0
 
       center of nuclear mass  :    0.16377723    0.03688449    0.09262142
       center of nuclear charge:    0.15220960    0.03152625    0.08409350

              +--------------------------------------------------+
              |               basis set information              |
              +--------------------------------------------------+

              we will work with the 1s 3p 5d 7f 9g ... basis set
              ...i.e. with spherical basis functions...

   type   atoms  prim   cont   basis
   ---------------------------------------------------------------------------
    c       13     77     57   def2-QZVP   [7s4p3d2f1g|15s8p3d2f1g]
    n        3     77     57   def2-QZVP   [7s4p3d2f1g|15s8p3d2f1g]
    o        7     77     57   def2-QZVP   [7s4p3d2f1g|15s8p3d2f1g]
    h        5     33     30   def2-QZVP   [4s3p2d1f|7s3p2d1f]
   ---------------------------------------------------------------------------
   total:   28   1936   1461
   ---------------------------------------------------------------------------

   total number of primitive shells          :  100
   total number of contracted shells         :  441
   total number of cartesian basis functions : 1831
   total number of SCF-basis functions       : 1461


 integral neglect threshold       :  0.18E-13
 integral storage threshold THIZE :  0.10E-04
 integral storage threshold THIME :         5

 RI-J AUXILIARY BASIS SET information:

              we will work with the 1s 3p 5d 7f 9g ... basis set
              ...i.e. with spherical basis functions...

   type   atoms  prim   cont   basis
   ---------------------------------------------------------------------------
    c       13     70     49   def2-QZVP   [6s4p3d1f1g|12s5p4d2f1g]
    n        3     70     49   def2-QZVP   [6s4p3d1f1g|12s5p4d2f1g]
    o        7     70     49   def2-QZVP   [6s4p3d1f1g|12s5p4d2f1g]
    h        5     16     11   def2-QZVP   [3s1p1d|5s2p1d]
   ---------------------------------------------------------------------------
   total:   28   1690   1182
   ---------------------------------------------------------------------------

   total number of primitive shells          :   80
   total number of contracted shells         :  370
   total number of cartesian basis functions : 1463
   total number of SCF-basis functions       : 1182


 symmetry group of the molecule :   c1 

 the group has the following generators :
   c1(z)

    1 symmetry operations found

 there are 1 real representations :   a   

 maximum number of shells which are related by symmetry :  1


    mo occupation :
   irrep   mo's   occupied
    a     1461       80
 
 number of basis functions   :                   1461
 number of occupied orbitals :                     80
 
  
           ------------------
           density functional
           ------------------
 PBE functional
 exchange:    LDA + PBE
 correlation: LDA (PW) + PBE

 iterations will be done with small grid
  
 spherical integration : Lebedev's spherical grid
 spherical gridsize    :                     5
    i.e. gridpoints    :                   590
 value for diffuse not defined
 radial integration    : Chebyshev 2nd kind (scaling 3)
 radial gridsize       :                     8
 integration cells     :                    28
 partition function    : becke
 partition sharpness   :                     3
  

 biggest AO integral is expected to be     6.990327543
  
           ------------------------
               RI-J - INFORMATION
           ------------------------
 Contributions to RI integral batches: 
  neglected integral batches:                 42108
  direct contribution:                            0
  memory contribution:                 55353
 Memory core needed for (P|Q) and Cholesky     11 MByte
 Memory core minimum needed except of (P|Q)     9 MByte
 Total minimum memory core needed (sum)        19 MByte
  
 ****************************************
 Memory allocated for RI-J 10487 MByte
 ****************************************
                                            

          ------------------------
          nuclear repulsion energy  :   1796.39272409    
          ------------------------


         -----------------
         -S,T+V- integrals
         -----------------

 1e-integrals will be neglected if expon. factor < 0.182521E-14
 Difference densities >>NOT<< switched on in parallel ridft!

 DIIS switched on: error vector is FDS-SDF
 Max. Iterations for DIIS is     :   4
 DIIS matrix (see manual) 
    Scaling factor of diagonals  :  1.200
    threshold for scaling factor :  0.000

 scf convergence criterion : increment of total energy < .1000000D-08
                  and increment of one-electron energy < .1000000D-05

  MOs are in ASCII format !


 automatic virtual orbital shift switched on 
      shift if e(lumo)-e(homo) < 0.10000000    


 reading orbital data $scfmo  from file mos
 orbital characterization : expanded
 mo provided and orthogonalized by Cholesky decomposition

 DSCF restart information will be dumped onto file mos


 Starting SCF iterations

          Overall gridpoints after grid construction =        156848

 ITERATION  ENERGY          1e-ENERGY        2e-ENERGY     RMS[dD(SAO)]   TOL
   1  -1182.4898811849    -5145.0770252     2166.1944199    0.000D+00 0.182D-13
                            Exc = -150.542688003     Coul =  2316.73710795    
                              N = 159.99986070    
                            current damping = 0.700
 
          max. resid. norm for Fia-block=  8.090D-01 for orbital     29a         
          max. resid. fock norm         =  7.147D+01 for orbital   1255a         

 ITERATION  ENERGY          1e-ENERGY        2e-ENERGY     RMS[dD(SAO)]   TOL
   2  -1187.4041808247    -5175.7176046     2191.9206997    0.118D-01 0.182D-13
                            Exc = -150.981392264     Coul =  2342.90209195    
                              N = 159.99988884    
                            current damping = 0.650
 
          Norm of current diis error:  5.2598    
          max. resid. norm for Fia-block=  1.644D-01 for orbital      5a         
          max. resid. fock norm         =  4.781D-01 for orbital   1294a         

 ITERATION  ENERGY          1e-ENERGY        2e-ENERGY     RMS[dD(SAO)]   TOL
   3  -1187.9718734473    -5185.4727290     2201.1081315    0.752D-02 0.182D-13
                            Exc = -151.742389672     Coul =  2352.85052117    
                              N = 159.99990369    
                            current damping = 0.550
 
          Norm of current diis error:  2.5194    
          max. resid. norm for Fia-block=  6.811D-02 for orbital      1a         
          max. resid. fock norm         =  1.143D-01 for orbital    765a         

 ITERATION  ENERGY          1e-ENERGY        2e-ENERGY     RMS[dD(SAO)]   TOL
   4  -1188.1646382220    -5187.3981124     2202.8407501    0.280D-02 0.182D-13
                            Exc = -151.548793006     Coul =  2354.38954307    
                              N = 159.99990983    
                            current damping = 0.450
 
          Norm of current diis error:  1.1077    
          max. resid. norm for Fia-block=  3.541D-02 for orbital     24a         
          max. resid. fock norm         =  6.555D-02 for orbital   1294a         

 ITERATION  ENERGY          1e-ENERGY        2e-ENERGY     RMS[dD(SAO)]   TOL
   5  -1188.2090851427    -5188.6677694     2204.0659602    0.121D-02 0.182D-13
                            Exc = -151.755945351     Coul =  2355.82190551    
                              N = 159.99991282    
                            current damping = 0.350
 
          Norm of current diis error: 0.55732    
          max. resid. norm for Fia-block=  1.393D-02 for orbital     79a         
          max. resid. fock norm         =  3.253D-02 for orbital   1398a         
          mo-orthogonalization: Cholesky decomposition

 ITERATION  ENERGY          1e-ENERGY        2e-ENERGY     RMS[dD(SAO)]   TOL
   6  -1188.2178471832    -5189.2513700     2204.6407988    0.120D-02 0.182D-13
                            Exc = -151.744269216     Coul =  2356.38506797    
                              N = 159.99991444    
                            current damping = 0.250
 
          Norm of current diis error: 0.36824    
          max. resid. norm for Fia-block=  8.519D-03 for orbital     80a         
          max. resid. fock norm         =  1.756D-02 for orbital   1458a         

 ITERATION  ENERGY          1e-ENERGY        2e-ENERGY     RMS[dD(SAO)]   TOL
   7  -1188.2195598287    -5189.4190783     2204.8067944    0.224D-03 0.182D-13
                            Exc = -151.747593496     Coul =  2356.55438787    
                              N = 159.99991467    
                            current damping = 0.100
 
          Norm of current diis error: 0.30087    
          max. resid. norm for Fia-block=  9.252D-03 for orbital     70a         
          max. resid. fock norm         =  1.754D-02 for orbital   1458a         
          irrep a   : virtual orbitals shifted by    0.01161

 ITERATION  ENERGY          1e-ENERGY        2e-ENERGY     RMS[dD(SAO)]   TOL
   8  -1188.2204218166    -5189.2067050     2204.5935591    0.135D-03 0.182D-13
                            Exc = -151.732342223     Coul =  2356.32590134    
                              N = 159.99991490    
                            current damping = 0.150
 
          Norm of current diis error: 0.24152    
          max. resid. norm for Fia-block=  6.110D-03 for orbital     70a         
          max. resid. fock norm         =  1.310D-02 for orbital   1458a         
          irrep a   : virtual orbitals shifted by    0.01076

 ITERATION  ENERGY          1e-ENERGY        2e-ENERGY     RMS[dD(SAO)]   TOL
   9  -1188.2222230982    -5189.2048992     2204.5899520    0.111D-03 0.182D-13
                            Exc = -151.744665124     Coul =  2356.33461712    
                              N = 159.99991487    
                            current damping = 0.050
 
          Norm of current diis error: 0.92229E-01
          max. resid. norm for Fia-block=  1.576D-03 for orbital     70a         
          max. resid. fock norm         =  3.910D-03 for orbital   1458a         
          irrep a   : virtual orbitals shifted by    0.01771

 ITERATION  ENERGY          1e-ENERGY        2e-ENERGY     RMS[dD(SAO)]   TOL
  10  -1188.2224248888    -5189.2749172     2204.6597682    0.309D-04 0.182D-13
                            Exc = -151.747113041     Coul =  2356.40688124    
                              N = 159.99991481    
                            current damping = 0.100
 
          Norm of current diis error: 0.42979E-01
          max. resid. norm for Fia-block=  6.652D-04 for orbital     68a         
          max. resid. fock norm         =  1.332D-03 for orbital   1460a         
          irrep a   : virtual orbitals shifted by    0.01391
          mo-orthogonalization: Cholesky decomposition

 ITERATION  ENERGY          1e-ENERGY        2e-ENERGY     RMS[dD(SAO)]   TOL
  11  -1188.2224489536    -5189.2773589     2204.6621859    0.127D-04 0.182D-13
                            Exc = -151.742332761     Coul =  2356.40451864    
                              N = 159.99991488    
                            current damping = 0.050
 
          Norm of current diis error: 0.31166E-01
          max. resid. norm for Fia-block=  7.642D-04 for orbital     68a         
          max. resid. fock norm         =  1.661D-03 for orbital   1455a         
          irrep a   : virtual orbitals shifted by    0.01751

 ITERATION  ENERGY          1e-ENERGY        2e-ENERGY     RMS[dD(SAO)]   TOL
  12  -1188.2224599144    -5189.2320221     2204.6168381    0.994D-05 0.182D-13
                            Exc = -151.744246703     Coul =  2356.36108480    
                              N = 159.99991487    
                            current damping = 0.100
 
          Norm of current diis error: 0.22066E-01
          max. resid. norm for Fia-block=  6.157D-04 for orbital     68a         
          max. resid. fock norm         =  1.404D-03 for orbital   1455a         
          irrep a   : virtual orbitals shifted by    0.01399

 ITERATION  ENERGY          1e-ENERGY        2e-ENERGY     RMS[dD(SAO)]   TOL
  13  -1188.2224710194    -5189.2521881     2204.6369930    0.117D-04 0.182D-13
                            Exc = -151.744137069     Coul =  2356.38113002    
                              N = 159.99991484    
                            current damping = 0.150
 
          Norm of current diis error: 0.10938E-01
          max. resid. norm for Fia-block=  3.338D-04 for orbital     68a         
          max. resid. fock norm         =  7.763D-04 for orbital   1455a         
          irrep a   : virtual orbitals shifted by    0.01002

 ITERATION  ENERGY          1e-ENERGY        2e-ENERGY     RMS[dD(SAO)]   TOL
  14  -1188.2224727617    -5189.2577234     2204.6425266    0.374D-05 0.182D-13
                            Exc = -151.744224766     Coul =  2356.38675133    
                              N = 159.99991486    
                            current damping = 0.050
 
          Norm of current diis error: 0.81046E-02
          max. resid. norm for Fia-block=  2.121D-04 for orbital     70a         
          max. resid. fock norm         =  5.018D-04 for orbital   1458a         
          irrep a   : virtual orbitals shifted by    0.01770

 ITERATION  ENERGY          1e-ENERGY        2e-ENERGY     RMS[dD(SAO)]   TOL
  15  -1188.2224732953    -5189.2550341     2204.6398367    0.494D-05 0.182D-13
                            Exc = -151.744380709     Coul =  2356.38421738    
                              N = 159.99991486    
                            current damping = 0.100
 
          Norm of current diis error: 0.68579E-02
          max. resid. norm for Fia-block=  1.547D-04 for orbital     70a         
          max. resid. fock norm         =  3.986D-04 for orbital   1458a         
          irrep a   : virtual orbitals shifted by    0.01385
          mo-orthogonalization: Cholesky decomposition

 ITERATION  ENERGY          1e-ENERGY        2e-ENERGY     RMS[dD(SAO)]   TOL
  16  -1188.2224745566    -5189.2535692     2204.6383705    0.264D-05 0.182D-13
                            Exc = -151.744126988     Coul =  2356.38249751    
                              N = 159.99991486    
                            current damping = 0.050
 
          Norm of current diis error: 0.32527E-02
          max. resid. norm for Fia-block=  9.467D-05 for orbital     68a         
          max. resid. fock norm         =  2.049D-04 for orbital   1460a         
          irrep a   : virtual orbitals shifted by    0.01782

 ITERATION  ENERGY          1e-ENERGY        2e-ENERGY     RMS[dD(SAO)]   TOL
  17  -1188.2224746345    -5189.2519942     2204.6367955    0.210D-05 0.182D-13
                            Exc = -151.744138895     Coul =  2356.38093437    
                              N = 159.99991486    
                            current damping = 0.050
 
          Norm of current diis error: 0.29464E-02
          max. resid. norm for Fia-block=  8.033D-05 for orbital     68a         
          max. resid. fock norm         =  1.833D-04 for orbital   1455a         
          irrep a   : virtual orbitals shifted by    0.01780

 ITERATION  ENERGY          1e-ENERGY        2e-ENERGY     RMS[dD(SAO)]   TOL
  18  -1188.2224748136    -5189.2553265     2204.6401276    0.110D-05 0.182D-13
                            Exc = -151.744193896     Coul =  2356.38432147    
                              N = 159.99991486    
                            current damping = 0.100
 
          Norm of current diis error: 0.18333E-02
          max. resid. norm for Fia-block=  5.515D-05 for orbital     68a         
          max. resid. fock norm         =  1.280D-04 for orbital   1455a         
          irrep a   : virtual orbitals shifted by    0.01385

 ITERATION  ENERGY          1e-ENERGY        2e-ENERGY     RMS[dD(SAO)]   TOL
  19  -1188.2224748489    -5189.2538298     2204.6386309    0.957D-06 0.182D-13
                            Exc = -151.744232713     Coul =  2356.38286361    
                              N = 159.99991486    
                            current damping = 0.150
 
          Norm of current diis error: 0.13753E-02
          max. resid. norm for Fia-block=  3.059D-05 for orbital     68a         
          max. resid. fock norm         =  7.074D-05 for orbital   1460a         
          irrep a   : virtual orbitals shifted by    0.00995

 ITERATION  ENERGY          1e-ENERGY        2e-ENERGY     RMS[dD(SAO)]   TOL
  20  -1188.2224748905    -5189.2536914     2204.6384924    0.496D-06 0.182D-13
                            Exc = -151.744192879     Coul =  2356.38268530    
                              N = 159.99991486    
                            current damping = 0.050
 
          Norm of current diis error: 0.81905E-03
          max. resid. norm for Fia-block=  2.681D-05 for orbital     70a         
          max. resid. fock norm         =  6.515D-05 for orbital   1458a         
          irrep a   : virtual orbitals shifted by    0.01780
          mo-orthogonalization: Cholesky decomposition

 ITERATION  ENERGY          1e-ENERGY        2e-ENERGY     RMS[dD(SAO)]   TOL
  21  -1188.2224748801    -5189.2538952     2204.6386962    0.560D-06 0.182D-13
                            Exc = -151.744152379     Coul =  2356.38284862    
                              N = 159.99991486    
                            current damping = 0.100
 
          Norm of current diis error: 0.96601E-03
          max. resid. norm for Fia-block=  1.415D-05 for orbital     70a         
          max. resid. fock norm         =  3.730D-05 for orbital   1458a         
          irrep a   : virtual orbitals shifted by    0.01388

 ITERATION  ENERGY          1e-ENERGY        2e-ENERGY     RMS[dD(SAO)]   TOL
  22  -1188.2224749077    -5189.2539089     2204.6387099    0.234D-06 0.182D-13
                            Exc = -151.744174964     Coul =  2356.38288482    
                              N = 159.99991486    
                            current damping = 0.050
 
          Norm of current diis error: 0.37049E-03
          max. resid. norm for Fia-block=  1.449D-05 for orbital     68a         
          max. resid. fock norm         =  3.183D-05 for orbital   1455a         
          irrep a   : virtual orbitals shifted by    0.01778

 ITERATION  ENERGY          1e-ENERGY        2e-ENERGY     RMS[dD(SAO)]   TOL
  23  -1188.2224749050    -5189.2540767     2204.6388777    0.378D-06 0.182D-13
                            Exc = -151.744204847     Coul =  2356.38308254    
                              N = 159.99991486    
                            current damping = 0.100
 
          Norm of current diis error: 0.46829E-03
          max. resid. norm for Fia-block=  8.845D-06 for orbital     68a         
          max. resid. fock norm         =  2.062D-05 for orbital   1455a         
          irrep a   : virtual orbitals shifted by    0.01387

 ITERATION  ENERGY          1e-ENERGY        2e-ENERGY     RMS[dD(SAO)]   TOL
  24  -1188.2224749111    -5189.2538087     2204.6386097    0.104D-06 0.182D-13
                            Exc = -151.744196982     Coul =  2356.38280667    
                              N = 159.99991486    
                            current damping = 0.150
 
          Norm of current diis error: 0.18852E-03
          max. resid. norm for Fia-block=  6.183D-06 for orbital     70a         
          max. resid. fock norm         =  1.403D-05 for orbital   1458a         
          irrep a   : virtual orbitals shifted by    0.00996

 ITERATION  ENERGY          1e-ENERGY        2e-ENERGY     RMS[dD(SAO)]   TOL
  25  -1188.2224749086    -5189.2539746     2204.6387756    0.211D-06 0.182D-13
                            Exc = -151.744177211     Coul =  2356.38295281    
                              N = 159.99991486    
                            current damping = 0.200
 
          Norm of current diis error: 0.31620E-03
          max. resid. norm for Fia-block=  3.682D-06 for orbital     70a         
          max. resid. fock norm         =  8.714D-06 for orbital   1458a         
          irrep a   : virtual orbitals shifted by    0.00604
          mo-orthogonalization: Cholesky decomposition

 DENSITY CONVERGED !


 ITERATION  ENERGY          1e-ENERGY        2e-ENERGY     RMS[dD(SAO)]   TOL
  26  -1188.2224749118    -5189.2539447     2204.6387457    0.754D-07 0.182D-13
                            Exc = -151.744184555     Coul =  2356.38293023    
                              N = 159.99991486    
                            current damping = 0.250
 
          Norm of current diis error: 0.85961E-04
          max. resid. norm for Fia-block=  1.542D-06 for orbital     70a         
          max. resid. fock norm         =  3.304D-06 for orbital   1458a         
          irrep a   : virtual orbitals shifted by    0.00213

 DENSITY CONVERGED !


 ITERATION  ENERGY          1e-ENERGY        2e-ENERGY     RMS[dD(SAO)]   TOL
  27  -1188.2224749120    -5189.2538816     2204.6386826    0.210D-07 0.182D-13
                            Exc = -151.744187164     Coul =  2356.38286976    
                              N = 159.99991486    
                            current damping = 0.100
 
          Norm of current diis error: 0.34811E-04
          max. resid. norm for Fia-block=  7.590D-07 for orbital     80a         
          max. resid. fock norm         =  1.510D-06 for orbital   1460a         
          irrep a   : virtual orbitals shifted by    0.01387

 DENSITY CONVERGED !


 ITERATION  ENERGY          1e-ENERGY        2e-ENERGY     RMS[dD(SAO)]   TOL
  28  -1188.2224749120    -5189.2539041     2204.6387051    0.436D-07 0.182D-13
                            Exc = -151.744189311     Coul =  2356.38289437    
                              N = 159.99991486    
                            current damping = 0.150
 
          Norm of current diis error: 0.29383E-04
          max. resid. norm for Fia-block=  4.761D-07 for orbital     80a         
          max. resid. fock norm         =  8.641D-07 for orbital   1388a         
          irrep a   : virtual orbitals shifted by    0.00996

 ENERGY & DENSITY CONVERGED !

          Overall gridpoints after grid construction =        481106

 ITERATION  ENERGY          1e-ENERGY        2e-ENERGY     RMS[dD(SAO)]   TOL
  29  -1188.2225001228    -5189.2538960     2204.6386718    0.243D-07 0.182D-13
                            Exc = -151.744212628     Coul =  2356.38288441    
                              N = 159.99999383    
                            current damping = 0.200
 
          Norm of current diis error: 0.11380E-04
          max. resid. norm for Fia-block=  2.823D-07 for orbital     68a         
          max. resid. fock norm         =  5.942D-07 for orbital   1455a         

 End of SCF iterations

   convergence criteria satisfied after    29 iterations


                  ------------------------------------------ 
                 |  total energy      =  -1188.22250012276  |
                  ------------------------------------------ 
                 :  kinetic energy    =   1183.58857792607  :
                 :  potential energy  =  -2371.81107804883  :
                 :  virial theorem    =      1.99610012250  :
                 :  wavefunction norm =      1.00000000000  :
                  .......................................... 


 <geterg> : there is no data group $energy 


 <skperg> : $end is missing 


 orbitals $scfmo  will be written to file mos

    irrep                 76a         77a         78a         79a         80a   
 eigenvalues H         -0.28264    -0.27760    -0.27483    -0.27082    -0.25840
            eV          -7.6910     -7.5541     -7.4785     -7.3694     -7.0315
 occupation              2.0000      2.0000      2.0000      2.0000      2.0000 

    irrep                 81a         82a         83a         84a         85a   
 eigenvalues H         -0.18010    -0.16615    -0.15126    -0.14503    -0.09777
            eV          -4.9008     -4.5211     -4.1160     -3.9464     -2.6606
 
 
 
 
 ==============================================================================
                           electrostatic moments
 ==============================================================================

 reference point for electrostatic moments:    0.00000   0.00000   0.00000

 
              nuc           elec       ->  total
 ------------------------------------------------------------------------------
                          charge      
 ------------------------------------------------------------------------------
         160.000000    -160.000000      -0.000000
 
 ------------------------------------------------------------------------------
                       dipole moment  
 ------------------------------------------------------------------------------
   x      24.353536     -24.239720       0.113816
   y       5.044200      -5.489379      -0.445179
   z      13.454961     -13.676155      -0.221195
 
   | dipole moment | =     0.5100 a.u. =     1.2962 debye 
 
 ------------------------------------------------------------------------------
                     quadrupole moment
 ------------------------------------------------------------------------------
  xx    5686.270411   -5810.088459    -123.818048
  yy    1383.769871   -1488.504331    -104.734460
  zz    1032.482140   -1130.674616     -98.192476
  xy    -476.683075     480.986291       4.303216
  xz    1854.757292   -1862.597113      -7.839821
  yz     565.252587    -569.950422      -4.697835
 
     1/3  trace=    -108.914995
     anisotropy=      28.947811
 
 ==============================================================================
 


    ------------------------------------------------------------------------
         total  cpu-time : 31 minutes and 14 seconds
         total wall-time :  7 minutes and  2 seconds
    ------------------------------------------------------------------------

   ****  ridft : all done  ****


    2019-02-12 23:52:00.994 

