STARTING ridft ON 16 PROCESSORS!
RUNNING PROGRAM /sopt/TURBOMOLE/7.2.1-official/bin/em64t-unknown-linux-gnu_mpi/ridft_mpi.
PLEASE WAIT UNTIL ridft HAS FINISHED.
Look for the output in slave1.output.
MACHINEFILE is ./hostlist
 c-12-252.gp.local ( 1 ) 
 c-12-252.gp.local ( 2 ) 
 c-12-252.gp.local ( 3 ) 
 c-12-252.gp.local ( 4 ) 
 c-12-252.gp.local ( 5 ) 
 c-12-252.gp.local ( 6 ) 
 c-12-252.gp.local ( 7 ) 
 c-13-10.gp.local ( 8 ) 
 c-13-10.gp.local ( 9 ) 
 c-13-10.gp.local ( 10 ) 
 c-13-10.gp.local ( 11 ) 
 c-13-10.gp.local ( 12 ) 
 c-13-10.gp.local ( 13 ) 
 c-13-10.gp.local ( 14 ) 
 c-13-10.gp.local ( 15 ) 
 this is node-proc. number 0 running on node c-12-252.gp.local
 the total number of node-proc. spawned is  16
 GA version: using   16 (total) on    2 nhosts.
 operating system is UNIX !

 ridft (c-12-252.gp.local) : TURBOMOLE V7.2 ( 21471 ) 7 Nov 2017 at 16:15:16
 Copyright (C) 2017 TURBOMOLE GmbH, Karlsruhe


    2018-02-09 17:25:34.049 



                                  r i d f t

                        DFT program with RI approximation 
                                for coulomb part 




                                                 
                                 References:     
                                                 
          TURBOMOLE:                             
              R. Ahlrichs, M. Baer, M. Haeser, H. Horn, and
              C. Koelmel
              Electronic structure calculations on workstation
              computers: the program system TURBOMOLE
              Chem. Phys. Lett. 162: 165 (1989)
          Density Functional:                              
              O. Treutler and R. Ahlrichs                      
              Efficient Molecular Numerical Integration Schemes
              J. Chem. Phys. 102: 346 (1995)                   
          Parallel Version:                                
              Performance of parallel TURBOMOLE for Density    
              Functional Calculations                          
              M. v. Arnim and R. Ahlrichs                      
              J. Comp. Chem. 19: 1746 (1998)                   
          RI-J Method:                                     
              Auxiliary Basis Sets to approximate Coulomb      
              Potentials                                       
              Chem. Phys. Lett. 240: 283 (1995)                
              K. Eichkorn, O. Treutler, H. Oehm, M. Haeser     
              and R. Ahlrichs                                  
              Chem. Phys. Lett. 242: 652 (1995)                
                                                           
              Auxiliary Basis Sets for Main Row Atoms and their
              Use to approximate Coulomb Potentials            
              K. Eichkorn, F. Weigend, O. Treutler and         
              R. Ahlrichs                                      
              Theo. Chem. Acc. 97: 119 (1997)                   
                                                           
              Accurate Coulomb-fitting basis sets for H to Rn 
              F. Weigend                                        
              Phys. Chem. Chem. Phys. 8: 1057 (2006)            
                                                           
          Multipole accelerated RI-J (MARI-J):             
              Fast evaluation of the Coulomb potential for     
              electron densities using multipole accelerated   
              resolution of identity approximation             
              M. Sierka, A. Hogekamp and R. Ahlrichs           
              J. Chem. Phys. 118: 9136 (2003)                  
          RI-JK Method:                                     
              A fully direct RI-HF algorithm: Implementation,
              optimised auxiliary basis sets, demonstration of
              accuracy and efficiency                         
              F. Weigend                                      
              Phys. Chem. Chem. Phys. 4: 4285 (2002)           
          Two-component HF and DFT with spin-orbit coupling:  
              Self-consistent treatment of spin-orbit         
              interactions with efficient Hartree-Fock and    
              density functional methods                      
              M. K. Armbruster, F. Weigend, C. van WÃ¼llen and 
              W. Klopper                                      
              Phys. Chem. Chem. Phys. 10: 1748 (2008)         
          Relativistic all-electron 2c calculations           
              An efficient implementation of two-component    
              relativistic exact-decoupling methods for large 
              molecules                                       
              D. Peng, N. Middendorf, F. Weigend, M. Reiher   
              J. Chem. Phys. 138, 184105 (2013)               
                                         


 ********** GlobalArray OPTION SETTINGS : **********
 *****************************************************


              +--------------------------------------------------+
              |      general information about current run       |
              +--------------------------------------------------+

 

 SCF run will be profiled !


 DENSITY CONVERGENCE CHECK SWITCHED ON !
 SCF CONVERGENCE IF RMS(delta[D]) <     0.1000000000E-06

 A HF calculation using the RI-J approximation will be carried out.
 Allocatable memory for RI due to $ricore (MB):                 35000


              +--------------------------------------------------+
              | Atomic coordinate, charge and isotop information |
              +--------------------------------------------------+

                    atomic coordinates            atom    charge  isotop
          2.49364621   -1.26507338   -8.01170292    c      6.000     0
          2.53494542    3.03706102   -7.55092609    c      6.000     0
          0.02477006   -0.35889454   -8.49808667    c      6.000     0
          0.05354870    2.30023333   -8.22058254    c      6.000     0
          4.04428682    0.83289603   -7.41509646    c      6.000     0
         -2.11573637   -1.85802927   -8.28298728    c      6.000     0
         -2.10092615    3.70349471   -7.71726855    c      6.000     0
          3.06608971   -3.72160108   -7.30561999    c      6.000     0
          3.07658939    5.28935768   -6.32617825    c      6.000     0
          6.26821327    0.69226021   -6.03061447    c      6.000     0
          5.56358485    5.31242654   -5.15102944    c      6.000     0
          5.62633899   -3.98941004   -6.35593577    c      6.000     0
         -4.41782324    2.26387163   -8.00091368    c      6.000     0
         -4.44407934   -0.40506423   -8.08372697    c      6.000     0
         -1.53700404   -4.52897138   -8.04587632    c      6.000     0
         -1.55952568    6.21887195   -6.75240052    c      6.000     0
          0.90447206   -5.42157482   -7.43472764    c      6.000     0
          0.93946502    7.01369184   -6.24791086    c      6.000     0
          7.86723999   -7.21682937   -3.05992706    c      6.000     0
          8.17695886    6.87957646   -0.87034308    c      6.000     0
          7.10287412   -1.89617824   -5.59685648    c      6.000     0
          7.12276193    3.14179954   -5.12158150    c      6.000     0
          9.20092132   -5.17035088   -2.05507463    c      6.000     0
          9.78940939    4.79436330   -1.03635388    c      6.000     0
         -9.06440282    2.65966792   -5.90122638    c      6.000     0
         -9.06573963    0.03370790   -5.61629019    c      6.000     0
         -3.90049572   -8.49833916   -5.81749655    c      6.000     0
         -2.99798165    9.82913641   -3.22365467    c      6.000     0
         -1.55268726   -9.35801588   -4.96873549    c      6.000     0
         -0.51695791   10.71240456   -3.02158206    c      6.000     0
         -1.40553142  -10.85831182   -2.79478808    c      6.000     0
          0.29967127   11.91886111   -0.82032423    c      6.000     0
         -4.69305784   10.20032059   -1.23062256    c      6.000     0
         -6.09833858   -9.06350437   -4.46955470    c      6.000     0
        -10.47767909   -1.07462187   -3.67523318    c      6.000     0
        -10.43846264    4.19129640   -4.24721889    c      6.000     0
          7.32752921   -9.32811673   -1.56877779    c      6.000     0
          7.83453253    8.10420411    1.44578185    c      6.000     0
         10.05561042   -5.25818828    0.44358680    c      6.000     0
         11.01616860    3.87941580    1.11585305    c      6.000     0
          9.13736794    7.25267803    3.56957871    c      6.000     0
          8.23575530   -9.43151682    0.90256064    c      6.000     0
          9.60562828   -7.40872947    1.89974673    c      6.000     0
         10.70972307    5.13715612    3.41024664    c      6.000     0
        -11.90711145    0.44736131   -2.07136350    c      6.000     0
        -11.88564062    3.07290575   -2.35256865    c      6.000     0
         -3.90325112   11.48500151    0.92928631    c      6.000     0
         -5.94542140  -10.59438356   -2.32917436    c      6.000     0
         -3.60833748  -11.50612407   -1.50763770    c      6.000     0
         -1.41156360   12.32818395    1.14147829    c      6.000     0
          6.64325746    8.07422270   -3.58905798    s     16.000     0
          6.99237136   -7.04024089   -6.27432210    s     16.000     0
         -7.39590085   -1.95354081   -7.73644177    s     16.000     0
         -7.29206644    3.92030701   -8.42994172    s     16.000     0
          1.25642617   -8.66208332   -6.64998729    s     16.000     0
          1.48652448   10.26088852   -5.65059781    s     16.000     0
         -3.96198999   -6.74708411   -8.65900711    s     16.000     0
         -4.07136424    8.30704510   -6.00363116    s     16.000     0
          9.94667960   -2.50492193   -3.93558814    s     16.000     0
         10.27865444    3.46001031   -4.05651299    s     16.000     0
         11.05406921   -3.65047082    1.23542481    h      1.000     0
         12.21730670    2.22315567    0.96992597    h      1.000     0
          0.42705632  -11.48462476   -2.11847706    h      1.000     0
          2.24843481   12.54102131   -0.67201645    h      1.000     0
        -10.37365401    6.22956334   -4.46768460    h      1.000     0
        -10.43516566   -3.11004814   -3.42393768    h      1.000     0
         -7.90017396   -8.32784177   -5.11691506    h      1.000     0
         -6.60310011    9.46432732   -1.37059464    h      1.000     0
          6.54253927    9.69285451    1.57447733    h      1.000     0
          6.23778648  -10.87427686   -2.36189853    h      1.000     0
         10.28319587   -7.47986520    3.83489008    h      1.000     0
         11.67854769    4.44979509    5.08308224    h      1.000     0
          8.88285948    8.21042134    5.36594648    h      1.000     0
          7.85654633  -11.08434137    2.05765752    h      1.000     0
        -12.97789182    4.25115167   -1.07621749    h      1.000     0
        -13.00367354   -0.41720566   -0.56868284    h      1.000     0
         -7.65221580  -11.06114290   -1.29055316    h      1.000     0
         -5.22464978   11.77780575    2.47095688    h      1.000     0
         -0.79302115   13.28698349    2.84680946    h      1.000     0
         -3.49323676  -12.67444632    0.17471550    h      1.000     0
         -1.90843828   -1.10953111   -2.47899975    c      6.000     0
         -0.88477137    1.42760058   -2.27544955    c      6.000     0
          0.04612128   -0.00823250   10.74299451    c      6.000     0
         -0.97953122   -2.54664483   10.53648671    c      6.000     0
          4.52442156   -4.12059109    2.55643729    c      6.000     0
         -7.41840035    0.46504368    5.49662970    c      6.000     0
          5.55675797   -1.58460992    2.76006019    c      6.000     0
         -6.39219633    3.00368800    5.70316527    c      6.000     0
         -5.11209763   -0.72442752    9.37251906    c      6.000     0
          2.26151188   -2.83381173   -1.30672004    c      6.000     0
         -4.12560297    1.71574058    9.57006614    c      6.000     0
          3.24422088   -0.39553146   -1.10990678    c      6.000     0
         -5.05687293    1.50426828   -0.75028583    c      6.000     0
          3.19060957   -2.62219920    9.00704861    c      6.000     0
         -4.77886270    3.61717241    7.70034274    c      6.000     0
         -6.79161689   -1.36243108    7.29628381    c      6.000     0
          4.92949969    0.24176816    0.96317032    c      6.000     0
          2.91952566   -4.73956220    0.55825277    c      6.000     0
         -1.34013478   -5.32235983   -0.56652507    c      6.000     0
          2.33217718    3.75970866    0.16637803    c      6.000     0
         -0.52266339    4.20841322    8.83151976    c      6.000     0
         -4.19626541   -4.87917540    8.09319431    c      6.000     0
          0.69040146   -6.27484847    1.01946632    c      6.000     0
          4.36108736    2.80726793    1.75362316    c      6.000     0
         -6.22589375   -3.93018291    6.50675513    c      6.000     0
         -2.55139221    5.15668921    7.24285672    c      6.000     0
         -2.82825853    3.04523304   -1.20596769    c      6.000     0
         -4.48439694   -1.06461555   -1.53317711    c      6.000     0
          0.96316571   -4.16213954    9.46276266    c      6.000     0
          2.62385164   -0.05475505    9.79730972    c      6.000     0
         -7.50632260   -0.19990886    2.83348901    c      6.000     0
         -5.84709580    3.90735635    3.16668214    c      6.000     0
          3.98062465   -5.02614280    5.08773501    c      6.000     0
          5.64590272   -0.91883600    5.42219554    c      6.000     0
          4.67006752   -3.04578195    6.86167131    c      6.000     0
         -6.53929642    1.92739068    1.39184273    c      6.000     0
          5.09876864    1.54974579    6.18227116    c      6.000     0
          1.84250024   -6.51212374    5.52872260    c      6.000     0
         -6.96068323   -2.66898377    2.07418997    c      6.000     0
         -3.70069100    5.37956273    2.72999475    c      6.000     0
         -3.50802676   -2.89784823    9.86460232    c      6.000     0
         -0.36745739   -3.19727290   -2.00281824    c      6.000     0
         -1.49554917    2.08099497   10.26954027    c      6.000     0
          1.64172191    1.77679519   -1.60180315    c      6.000     0
          2.50410927    5.06715275    5.38433807    c      6.000     0
          0.55474372    5.98283742    3.85740479    c      6.000     0
         -2.41479646   -7.10464826    4.39788604    c      6.000     0
         -4.36337756   -6.18615545    2.87165741    c      6.000     0
          0.30219372   -6.06768668    7.75848250    c      6.000     0
          3.55867930    1.98971429    8.41326674    c      6.000     0
         -2.16243257    4.94490661    0.49808223    c      6.000     0
         -5.42071876   -3.10998175   -0.15580111    c      6.000     0
         -3.81681029   -5.28189664    0.33763361    c      6.000     0
          0.46811856    5.32001863    1.19180773    c      6.000     0
         -2.32839900   -6.43328585    7.05950483    c      6.000     0
          1.95424188    4.16357598    7.92022028    c      6.000     0
         -2.02322924    6.02254237    4.80586109    c      6.000     0
         -6.30664721   -4.56990029    3.94625723    c      6.000     0
          0.16456496   -7.15438284    3.45149530    c      6.000     0
          4.44484104    3.44750317    4.31132710    c      6.000     0
 
       center of nuclear mass  :    0.17430634    0.07284534   -0.75663732
       center of nuclear charge:    0.17139062    0.07301422   -0.74474455

              +--------------------------------------------------+
              |               basis set information              |
              +--------------------------------------------------+

              we will work with the 1s 3p 5d 7f 9g ... basis set
              ...i.e. with spherical basis functions...

   type   atoms  prim   cont   basis
   ---------------------------------------------------------------------------
    c      110     77     57   def2-QZVP   [7s4p3d2f1g|15s8p3d2f1g]
    s       10    105     70   def2-QZVP   [9s6p4d2f1g|20s14p4d2f1g]
    h       20     33     30   def2-QZVP   [4s3p2d1f|7s3p2d1f]
   ---------------------------------------------------------------------------
   total:  140  10180   7570
   ---------------------------------------------------------------------------

   total number of primitive shells          :   83
   total number of contracted shells         : 2290
   total number of cartesian basis functions : 9480
   total number of SCF-basis functions       : 7570


 integral neglect threshold       :  0.35E-14
 integral storage threshold THIZE :  0.10E-04
 integral storage threshold THIME :         5

 RI-J AUXILIARY BASIS SET information:

              we will work with the 1s 3p 5d 7f 9g ... basis set
              ...i.e. with spherical basis functions...

   type   atoms  prim   cont   basis
   ---------------------------------------------------------------------------
    c      110     70     49   def2-QZVP   [6s4p3d1f1g|12s5p4d2f1g]
    s       10     77     51   def2-QZVP   [8s4p3d1f1g|14s5p5d2f1g]
    h       20     16     11   def2-QZVP   [3s1p1d|5s2p1d]
   ---------------------------------------------------------------------------
   total:  140   8790   6120
   ---------------------------------------------------------------------------

   total number of primitive shells          :   59
   total number of contracted shells         : 1920
   total number of cartesian basis functions : 7580
   total number of SCF-basis functions       : 6120


 symmetry group of the molecule :   c1 

 the group has the following generators :
   c1(z)

    1 symmetry operations found

 there are 1 real representations :   a   

 maximum number of shells which are related by symmetry :  1


    mo occupation :
   irrep   mo's   occupied
    a     7570      420
 
 number of basis functions   :                   7570
 number of occupied orbitals :                    420
 

 biggest AO integral is expected to be    11.378194954
  
           ------------------------
               RI-J - INFORMATION
           ------------------------
 Memory core needed for (P|Q) and Cholesky    143 MByte on GA
 Memory core minimum needed except          35 MByte 
  
 ****************************************
 Memory allocated for RI-J 35 MByte
 plus additional 143 MByte (pqmatrix)  (GA)
 ****************************************
                                            
allocating par_xzuhag(31540.92 MB)
Killed by signal 15.
