 operating system is UNIX !

 dscf (gplogin2.gp.local) : TURBOMOLE V7.3 ( 22118 ) 1 Jul 2018 at 20:38:15
 Copyright (C) 2018 TURBOMOLE GmbH, Karlsruhe


    2019-03-11 19:10:08.773 



                             d s c f - program

                   idea & directorship : reinhart ahlrichs
                   program development : marco haeser
                                         michael baer
                           dft version : oliver treutler


                          quantum chemistry group
                          universitaet  karlsruhe
                                  germany




                          References             
                                                 
          TURBOMOLE:                             
              R. Ahlrichs, M. Baer, M. Haeser, H. Horn, and
              C. Koelmel
              Electronic structure calculations on workstation
              computers: the program system TURBOMOLE
              Chem. Phys. Lett. 162: 165 (1989)
          Density Functional:                              
              O. Treutler and R. Ahlrichs                      
              Efficient Molecular Numerical Integration Schemes
              J. Chem. Phys. 102: 346 (1995)                   
          Parallel Version:                                
              Performance of parallel TURBOMOLE for Density    
              Functional Calculations                          
              M. v. Arnim and R. Ahlrichs                      
              J. Comp. Chem. 19: 1746 (1998)                   
                                         




              +--------------------------------------------------+
              | Atomic coordinate, charge and isotop information |
              +--------------------------------------------------+

                    atomic coordinates            atom    charge  isotop
          1.29102896    2.23612775    5.35940406    c      0.000     0
          2.68444732    0.00000000    5.34775669    c      0.000     0
          1.29102896   -2.23612775    5.35940406    c      0.000     0
         -1.34222366   -2.32479958    5.34775669    c      0.000     0
         -2.58205792    0.00000000    5.35940406    c      0.000     0
         -1.34222366    2.32479958    5.34775669    c      0.000     0
         -2.74209098    4.74944089    5.17369628    c      0.000     0
         -3.47165961    6.01309083    7.36565771    c      0.000     0
         -4.78742225    8.29205857    7.27396970    c      0.000     0
         -5.38971831    9.33526596    4.93546263    c      0.000     0
         -4.67190964    8.09198487    2.72597715    c      0.000     0
         -3.35880377    5.81761878    2.81855316    c      0.000     0
         -2.74209098   -4.74944089    5.17369628    c      0.000     0
         -3.35880377   -5.81761878    2.81855316    c      0.000     0
         -4.67190964   -8.09198487    2.72597715    c      0.000     0
         -5.38971831   -9.33526596    4.93546263    c      0.000     0
         -4.78742225   -8.29205857    7.27396970    c      0.000     0
         -3.47165961   -6.01309083    7.36565771    c      0.000     0
          5.48418196    0.00000000    5.17369628    c      0.000     0
          6.71760754    0.00000000    2.81855316    c      0.000     0
          9.34381929    0.00000000    2.72597715    c      0.000     0
         10.77943663    0.00000000    4.93546263    c      0.000     0
          9.57484449    0.00000000    7.27396970    c      0.000     0
          6.94331922    0.00000000    7.36565771    c      0.000     0
          2.56458096    4.44198451    5.30703898    f      0.000     0
         -5.12916191    0.00000000    5.30703898    f      0.000     0
          2.56458096   -4.44198451    5.30703898    f      0.000     0
         -2.90994879    5.04017915    9.65013893    f      0.000     0
         -5.47160393    9.47709601    9.40663768    f      0.000     0
         -6.65606662   11.52864556    4.82298142    f      0.000     0
         -5.29334333    9.16833958    0.50315811    f      0.000     0
         -5.29334333   -9.16833958    0.50315811    f      0.000     0
         -6.65606662  -11.52864556    4.82298142    f      0.000     0
         -5.47160393   -9.47709601    9.40663768    f      0.000     0
         -2.90994879   -5.04017915    9.65013893    f      0.000     0
         10.58668665    0.00000000    0.50315811    f      0.000     0
         13.31213324    0.00000000    4.82298142    f      0.000     0
         10.94320787    0.00000000    9.40663768    f      0.000     0
          5.81989758    0.00000000    9.65013893    f      0.000     0
         -2.31430977    4.00850211   -0.59311698    i      0.000     0
         -2.31430977   -4.00850211   -0.59311698    i      0.000     0
          4.62861954    0.00000000   -0.59311698    i      0.000     0
          3.99736087   -2.26207693   -6.71003915    c      6.000     0
          5.92734477   -2.13882400   -5.97866723    h      1.000     0
          4.10220135   -2.23748546   -8.79875309    h      1.000     0
          2.68582355   -4.65198285   -5.81886616    c      6.000     0
          3.64577576   -6.31466884   -6.59083899    h      1.000     0
          2.75180702   -4.76626957   -3.75428211    h      1.000     0
         -0.03966435   -4.59285453   -6.71003915    c      6.000     0
         -0.11338143   -4.67135331   -8.79875309    h      1.000     0
         -1.11139647   -6.20264315   -5.97866723    h      1.000     0
         -3.95769652   -2.33077759   -6.71003915    c      6.000     0
         -4.81594831   -4.06381915   -5.97866723    h      1.000     0
         -3.98881992   -2.43386785   -8.79875309    h      1.000     0
         -5.37164710    0.00000000   -5.81886616    c      6.000     0
         -5.50361403    0.00000000   -3.75428211    h      1.000     0
         -7.29155151    0.00000000   -6.59083899    h      1.000     0
         -3.95769652    2.33077759   -6.71003915    c      6.000     0
         -3.98881992    2.43386785   -8.79875309    h      1.000     0
         -4.81594831    4.06381915   -5.97866723    h      1.000     0
         -0.03966435    4.59285453   -6.71003915    c      6.000     0
         -1.11139647    6.20264315   -5.97866723    h      1.000     0
         -0.11338143    4.67135331   -8.79875309    h      1.000     0
          2.68582355    4.65198285   -5.81886616    c      6.000     0
          3.64577576    6.31466884   -6.59083899    h      1.000     0
          2.75180702    4.76626957   -3.75428211    h      1.000     0
          3.99736087    2.26207693   -6.71003915    c      6.000     0
          4.10220135    2.23748546   -8.79875309    h      1.000     0
          5.92734477    2.13882400   -5.97866723    h      1.000     0
          0.00000000    0.00000000   -6.67566966    c      6.000     0
          0.00000000    0.00000000   -8.80405438    h      1.000     0
          2.63800737    0.00000000   -5.79850129    n      7.000     0
         -1.31900368   -2.28458139   -5.79850129    n      7.000     0
         -1.31900368    2.28458139   -5.79850129    n      7.000     0
 
       center of nuclear mass  :   -0.00000000   -0.00000000    1.58306549
       center of nuclear charge:   -0.00000000    0.00000000   -6.36627485

              +--------------------------------------------------+
              |               basis set information              |
              +--------------------------------------------------+

              we will work with the 1s 3p 5d 7f 9g ... basis set
              ...i.e. with spherical basis functions...

   type   atoms  prim   cont   basis
   ---------------------------------------------------------------------------
    c       34     77     55   cc-pVQZ   [5s4p3d2f1g|21s6p3d2f1g]
    f       15     77     55   cc-pVQZ   [5s4p3d2f1g|21s6p3d2f1g]
    i        3    161     67   cc-pVQZ-PP   [6s6p4d2f1g|24s18p12d2f1g]
    h       19     32     30   cc-pVQZ   [4s3p2d1f|6s3p2d1f]
    n        3     77     55   cc-pVQZ   [5s4p3d2f1g|21s6p3d2f1g]
   ---------------------------------------------------------------------------
   total:   74   5095   3631
   ---------------------------------------------------------------------------

   total number of primitive shells          :  168
   total number of contracted shells         : 1027
   total number of cartesian basis functions : 4554
   total number of SCF-basis functions       : 3631


 integral neglect threshold       :  0.73E-12
 integral storage threshold THIZE :  0.10E-04
 integral storage threshold THIME :         5


 DENSITY CONVERGENCE CHECK SWITCHED ON !
 SCF CONVERGENCE IF RMS(delta[D]) <     0.1000000000E-06

 number of unique ecp types :                     1

 symmetry group of the molecule :   c1 

 the group has the following generators :
   c1(z)

    1 symmetry operations found

 there are 1 real representations :   a   

 maximum number of shells which are related by symmetry :  1


    mo occupation :
   irrep   mo's   occupied
    a     3631       50
 
 number of basis functions   :                   3631
 number of occupied orbitals :                     50
 

 automatic virtual orbital shift switched on 
      shift if e(lumo)-e(homo) < 0.10000000    

