
   OpenMP run-time library returned nthreads =  8

 rirpa (c-17-40) : TURBOMOLE rev. svn2git-286-ge2660016d compiled 29 Jan 2019 at 20:14:24
 Copyright (C) 2019 TURBOMOLE GmbH, Karlsruhe


    2019-09-08 00:16:29.542 

 
 
    *************************************************************************
    *************************** PROGRAM RIRPA *******************************
    ******                                                             ******
    ******              H. Eshuis, J. E. Bates and F. Furche           ******
    ******                                                             ******
    ****** Nov 2011                                                    ******
    ****** Copyright TURBOMOLE GmbH                                    ******
    *************************************************************************
    
    
                                References:                                  
    
                   RIRPA:                                                    
                     H. Eshuis, J. Yarkony, and F. Furche                    
                     Fast Computation of Molecular Random Phase              
                     Approximation Correlation Energies Using Resolution     
                     of the Identity and Imaginary Frequency Integration     
                     J. Chem. Phys. 132: 234114 (2010)                       
    
                     H. Eshuis, J. E. Bates, and F. Furche                   
                     Electron Correlation Methods Based on                   
                     the Random Phase Approximation                          
                     Theor. Chem. Acc.  131: 1084 (2012)                     
    
                     G. P. Chen, V. K. Voora, M. M. Agee,                    
                     S. G. Balasubramani, and F. Furche                      
                     Random-Phase Approximation Methods                      
                     Annu. Rev. Phys. Chem. 68: 421 (2017)                   
    
                   TWO-COMPONENT RIRPA:                                      
                     M. Kuehn                                                
                     Correlation Energies from the                           
                     Two-Component Random-Phase Approximation                
                     J. Chem. Theory Comput. 10: 623 (2014)                  
    
                   RIRPA GRADIENTS:                                          
                     A. M. Burow, J. E. Bates, F. Furche*, and H. Eshuis     
                     Analytical First-Order Molecular Properties and Forces  
                     within the Adiabatic Connection Random Phase            
                     Approximation                                           
                     J. Chem. Theory Comput. 10: 180 (2014)                  
    
                   RI-AXK/RI-ACSOSEX/RI-ACSOX:                               
                     G. P. Chen, M. M. Agee, and F. Furche                   
                     Performance and Scope of Perturbative Corrections to    
                     Random-Phase Approximation Energies                     
                     J. Chem. Theory Comput. 14: 5701 (2018)                 
    
                   GKS-RPA:                                                  
                     V. K. Voora, S. G. Balasubramani, and F. Furche         
                     Variational Generalized Kohn-Sham Approach Combining    
                     the Random-Phase-Approximation and Greenâ€™s-Function     
                     Methods                                                 
                     Phys. Rev. A (accepted)                                 
    
    
    
      ... OpenMP parallelization enabled, threads:    8

   *-----------------------------------------------------------------------*
   |                     program will use  8 thread(s)                     |
   *-----------------------------------------------------------------------*

 MAXIMUM CORE MEMORY WHICH CAN BE ALLOCATED DYNAMICALLY = 16212 MiB
              ( or 2125000000 double words per process)

  Effective Core Potentials (ECPs) detected!
 
                FOUND RI-J FLAG
 
  HF exact exchange energy will be computed using RI-J.
 
  The HXX energy will NOT be computed due to nohxx option. 
 


              +--------------------------------------------------+
              | Atomic coordinate, charge and isotop information |
              +--------------------------------------------------+

                    atomic coordinates            atom    charge  isotop
          0.99983098    2.27022842    4.28976172    c      6.000     0
          2.48710807    0.09584961    4.39163542    c      6.000     0
          1.17615423   -2.19117405    4.48559974    c      6.000     0
         -1.45226929   -2.39010747    4.46730796    c      6.000     0
         -2.78628344   -0.12300939    4.35759329    c      6.000     0
         -1.63793068    2.25055548    4.23535275    c      6.000     0
         -3.11407188    4.62659342    4.11977596    c      6.000     0
         -3.08840784    6.26697104    6.18672877    c      6.000     0
         -4.41646638    8.53991405    6.18264081    c      6.000     0
         -5.82011739    9.20888476    4.06146507    c      6.000     0
         -5.87524501    7.60273202    1.97368050    c      6.000     0
         -4.53661592    5.33855564    1.98829002    c      6.000     0
         -2.75030830   -4.87040525    4.67298264    c      6.000     0
         -3.55171109   -6.25271537    2.55143576    c      6.000     0
         -4.75463168   -8.56476525    2.89864098    c      6.000     0
         -5.17724158   -9.54052768    5.30850749    c      6.000     0
         -4.38623898   -8.18377155    7.41816738    c      6.000     0
         -3.18404774   -5.86848176    7.07458722    c      6.000     0
          5.28649567    0.19888668    4.47054318    c      6.000     0
          6.75361331    0.96847579    2.39078996    c      6.000     0
          9.37121131    1.02923140    2.61221743    c      6.000     0
         10.57622705    0.33338673    4.84870459    c      6.000     0
          9.13917161   -0.44205910    6.91024675    c      6.000     0
          6.51753572   -0.50056906    6.69710277    c      6.000     0
          2.17055653    4.53148358    4.24585005    f      9.000     0
         -5.33166529   -0.22509561    4.40915431    f      9.000     0
          2.53078935   -4.34374056    4.59245764    f      9.000     0
         -1.77099151    5.65992826    8.27334732    f      9.000     0
         -4.36022207   10.06979858    8.19775174    f      9.000     0
         -7.10409534   11.39032407    4.03085675    f      9.000     0
         -7.23620931    8.31980689   -0.04731399    f      9.000     0
         -5.55104976   -9.94758328    0.91227972    f      9.000     0
         -6.33821694  -11.77446441    5.60951590    f      9.000     0
         -4.78461974   -9.10390981    9.74574967    f      9.000     0
         -2.43885163   -4.58425191    9.14502184    f      9.000     0
         10.84072745    1.74962522    0.65825925    f      9.000     0
         13.10484609    0.39960173    5.02748196    f      9.000     0
         10.27660790   -1.11001677    9.07483649    f      9.000     0
          5.16825874   -1.23490832    8.72936780    f      9.000     0
         -4.64886568    3.05669374   -1.24295190    i     53.000     0
         -2.98668180   -4.93812542   -1.21244390    i     53.000     0
          5.10080245    1.97086226   -1.14747160    i     53.000     0
          3.32504863    3.53778945   -5.88195488    n      7.000     0
          5.31113175    2.71334241   -7.63579180    c      6.000     0
          3.28614670    6.30798210   -5.69960578    c      6.000     0
          0.81458646    2.57125423   -6.60132364    c      6.000     0
          5.41722187    0.65317739   -7.66922896    h      1.000     0
          4.95804471    3.40575991   -9.57173914    h      1.000     0
          7.12955213    3.44209591   -6.98263474    h      1.000     0
          1.87201027    6.87726282   -4.30604713    h      1.000     0
          5.14008849    6.97231737   -5.07616450    h      1.000     0
          2.83153003    7.20013373   -7.52906246    h      1.000     0
          0.48896953   -0.25633627   -6.10784758    c      6.000     0
         -0.57917338    3.61545875   -5.48431276    h      1.000     0
          0.43811970    2.99824916   -8.61368357    h      1.000     0
         -2.05549796   -1.15671996   -7.12882732    c      6.000     0
          2.02220718   -1.31170110   -7.00935219    h      1.000     0
          0.59750572   -0.62164878   -4.07356776    h      1.000     0
         -2.68152854   -3.77552332   -6.43226601    n      7.000     0
         -3.57121007    0.04075393   -6.37395580    h      1.000     0
         -2.09912193   -0.93656318   -9.20897350    h      1.000     0
         -5.25288824   -4.39542434   -7.27486292    c      6.000     0
         -0.86146093   -5.61042528   -7.44374142    c      6.000     0
         -5.73228255   -6.30458081   -6.64998978    h      1.000     0
         -6.58817108   -3.06771482   -6.42407349    h      1.000     0
         -5.43249560   -4.29629915   -9.35048577    h      1.000     0
         -1.46669079   -7.50977586   -6.90544491    h      1.000     0
         -0.73504393   -5.50754310   -9.52417590    h      1.000     0
          1.00652163   -5.27402855   -6.63639349    h      1.000     0
 
       center of nuclear mass  :   -0.32559743    0.00391925    1.42073647
       center of nuclear charge:   -0.28711907    0.00288775    1.37326424
              +-------------------------------------------------+
              |        Rotational Constants Section             |
              +-------------------------------------------------+
                                   Center of Mass [a.u]:
              -0.32559743060259         0.00391925410063         1.42073647272417
                     Principal Moments of Inertia [a.u.]
           48668.30924744062941     53254.54723025926796     58291.00498075182259
                       Rotational constants A,B,C [a.u.]
               0.00001027362585         0.00000938886961         0.00000857765276
                     Rotational constants A,B,C [cm**-1]
               0.00123693811080         0.00113041401397         0.00103274401456
                        Rotational constants A,B,C [MHz]
              37.08247166311757        33.88895958042443        30.96088666091793

   * BASIS SET information:

              +--------------------------------------------------+
              |               basis set information              |
              +--------------------------------------------------+

              we will work with the 1s 3p 5d 7f 9g ... basis set
              ...i.e. with spherical basis functions...

   type   atoms  prim   cont   basis
   ---------------------------------------------------------------------------
    c       31     50     30   cc-pVTZ   [4s3p2d1f|18s5p2d1f]
    f       15     50     30   cc-pVTZ   [4s3p2d1f|18s5p2d1f]
    i        3    133     39   cc-pVTZ-PP   [5s4p3d1f|21s20p9d1f]
    n        2     50     30   cc-pVTZ   [4s3p2d1f|18s5p2d1f]
    h       18     16     14   cc-pVTZ   [3s2p1d|5s2p1d]
   ---------------------------------------------------------------------------
   total:   69   3087   1809
   ---------------------------------------------------------------------------

   total number of primitive shells          :  137
   total number of contracted shells         :  627
   total number of cartesian basis functions : 2085
   total number of SCF-basis functions       : 1809


   * AUXILIARY BASIS SET information:

              +--------------------------------------------------+
              |               basis set information              |
              +--------------------------------------------------+

              we will work with the 1s 3p 5d 7f 9g ... basis set
              ...i.e. with spherical basis functions...

   type   atoms  prim   cont   basis
   ---------------------------------------------------------------------------
    c       31     81     81   cc-pVTZ   [8s6p5d3f1g|8s6p5d3f1g]
    f       15     81     81   cc-pVTZ   [8s6p5d3f1g|8s6p5d3f1g]
    i        3    140    140   cc-pVTZ-PP   [8s8p7d5f3g1h|8s8p7d5f3g1h]
    n        2     81     81   cc-pVTZ   [8s6p5d3f1g|8s6p5d3f1g]
    h       18     30     30   cc-pVTZ   [4s3p2d1f|4s3p2d1f]
   ---------------------------------------------------------------------------
   total:   69   4848   4848
   ---------------------------------------------------------------------------

   total number of primitive shells          :  111
   total number of contracted shells         : 1380
   total number of cartesian basis functions : 6048
   total number of SCF-basis functions       : 4848


   * RIJ AUXILIARY BASIS SET information:

              +--------------------------------------------------+
              |               basis set information              |
              +--------------------------------------------------+

              we will work with the 1s 3p 5d 7f 9g ... basis set
              ...i.e. with spherical basis functions...

   type   atoms  prim   cont   basis
   ---------------------------------------------------------------------------
    c       31     70     49   cc-pVTZ   [6s4p3d1f1g|12s5p4d2f1g]
    f       15     70     49   cc-pVTZ   [6s4p3d1f1g|12s5p4d2f1g]
    i        3    160    140   universal_jkbas   [11s10p10d7f|13s12p11d8f]
    n        2     70     49   cc-pVTZ   [6s4p3d1f1g|12s5p4d2f1g]
    h       18     16     11   cc-pVTZ   [3s1p1d|5s2p1d]
   ---------------------------------------------------------------------------
   total:   69   4128   2970
   ---------------------------------------------------------------------------

   total number of primitive shells          :  124
   total number of contracted shells         :  924
   total number of cartesian basis functions : 3657
   total number of SCF-basis functions       : 2970


 reading orbital data $scfmo  from file mos
 orbital characterization : scfconv=9

 integral neglect threshold       :  0.33E+02

 scfconv                     9
 number of unique ecp types :                     1

 there are 1 real representations :   a   

 maximum number of shells which are related by symmetry :  1

 entered riccmos at 2019-09-08 00:16:32.282
  MOs are in ASCII format !


 reading orbital data $scfmo  from file mos
 orbital characterization : scfconv=9
 time elapsed for calculating density matrices :   0.579 sec



              +--------------------------------------------+
              | list of orbitals that will be kept frozen: |
              +--------------------------------------------+
              |   irrep   index      energy     occ/vir    |
              +--------------------------------------------+
              |   a         1      -24.3099     occupied   |
              |   a         2      -24.3082     occupied   |
              |   a         3      -24.3057     occupied   |
              |   a         4      -24.3025     occupied   |
              |   a         5      -24.2986     occupied   |
              |   a         6      -24.2980     occupied   |
              |   a         7      -24.2980     occupied   |
              |   a         8      -24.2976     occupied   |
              |   a         9      -24.2972     occupied   |
              |   a        10      -24.2969     occupied   |
              |   a        11      -24.2952     occupied   |
              |   a       ...        ...        occupied   |
              |   a        60       -4.6362     occupied   |
              +--------------------------------------------+



   Molecular Orbital Statistic:
   ============================

   -----------------------------
   orbitals in total:
   -----------------------------
    frozen occupied :     60
    active occupied :    154
    active virtual  :   1595
    frozen virtual  :      0
    all together    :   1809
   -----------------------------


     time in riccmoinp     cpu:  4.42 sec    wall:  2.61 sec    ratio:  1.7
     time in scfdens       cpu:  0.58 sec    wall:  0.58 sec    ratio:  1.0
     time in mkiao         cpu:  0.00 sec    wall:  0.00 sec    ratio:  0.0
     time in ricclmos      cpu:  0.00 sec    wall:  0.00 sec    ratio:  0.0
     time in riccmos       cpu:  7.82 sec    wall:  3.55 sec    ratio:  2.2
 leave riccmos at 2019-09-08 00:16:35.835

     total memory allocated for calculation of (Q|P)**(-1/2) : 270 MiB


     calculation of (P|Q) ...
     time in lp2sym        cpu:  4.40 sec    wall:  0.55 sec    ratio:  8.0


     calculation of the Cholesky decomposition of (P|Q)**(-1) ...
     time in invmetri      cpu: 19.62 sec    wall:  3.42 sec    ratio:  5.7

   threshold for RMS(d[D]) in SCF was     :  0.10E-06
   integral neglect threshold             :  0.55E-14
   derivative integral neglect threshold  :  0.10E-06


 setting up bound for integral derivative estimation

 increment for numerical differentiation : 0.00050000
 
 Occupied orbital block size for RIRPA:                   154
 
 Number of passes for spin                     1 is                     1
 
 Number of eigenvalues < 6e-3:                      0
 
 
            -----------------------------
            Complex frequency integration
            -----------------------------
 
 Number of Clenshaw-Curtis nodes:                      1
 Optimized scaling parameter    :   0.449155183706100     
 Sensitivity measure            :  -0.549432335206167     
 
 
 ifreq =                     1
 Largest eigenvalues of the Q matrix:


 ***-th eigenvalue:  0.3731634673000902E+01
 Done with rirpa frequency point #                     1
 


   2-th order dMPn correlation energy: -0.1238622417863601E+02


   3-th order dMPn correlation energy:  0.1670067104614533E+02


   4-th order dMPn correlation energy: -0.3177483805871173E+02


   5-th order dMPn correlation energy:  0.7078946984707221E+02


   6-th order dMPn correlation energy: -0.1737334793450943E+03


   7-th order dMPn correlation energy:  0.4573817326193315E+03


   8-th order dMPn correlation energy: -0.1271827487029283E+04


   9-th order dMPn correlation energy:  0.3694542787441952E+04


  10-th order dMPn correlation energy: -0.1111638265009439E+05
 
 sum  -8366.69001775162     
 


 RI-RPA correlation energy: -0.6100549119499658E+01
 
 HXX Energy calculation skipped due to nohxx option
 

                  --------------------------------------------------- 
                 |  HXX+RIRPA total energy     =     -6.10054911950  |
                  ---------------------------------------------------- 
                 :  RIRPA correlation energy   =     -6.10054911950  :
                 :  HXX total energy           =      0.00000000000  :
                 :  Hartree energy             =      0.00000000000  :
                 :  Exact Exchange energy      =      0.00000000000  :
                  .................................................... 


    ------------------------------------------------------------------------
    Rirpa profiling                cpu                    wall         ratio
    ------------------------------------------------------------------------
    module                         sec     %               sec     %
    ------------------------------------------------------------------------
    RIRPA                      2799.1  100.00          496.8  100.00   5.6
    STARTUP                       5.5    0.20            2.7    0.55   2.0
    riccmos                       7.8    0.28            3.6    0.72   2.2
    riccaux                      24.1    0.86            4.0    0.80   6.1
    riccbound                    16.1    0.58           13.8    2.79   1.2
    ccmkbaoi                   1943.4   69.43          331.0   66.62   5.9
    cc3idxnrm                    67.1    2.40            8.4    1.70   7.9
    ecrpa                       735.0   26.26          133.3   26.82   5.5
    rpa3idxget                    7.3    0.26            5.7    1.14   1.3
    qbuild                      587.2   20.98           81.7   16.45   7.2
    rparenrm                    100.4    3.59           12.6    2.53   8.0
    ------------------------------------------------------------------------
    sum                        6293.0  224.82         1093.5  220.11   5.8
    ------------------------------------------------------------------------


    ------------------------------------------------------------------------
         total  cpu-time : 46 minutes and 39 seconds
         total wall-time :  8 minutes and 17 seconds
    ------------------------------------------------------------------------

   ****  rirpa : all done  ****


    2019-09-08 00:24:46.612 

