 operating system is UNIX !

 ridft (gplogin2.gp.local) : TURBOMOLE V7.2 ( 21454 ) 4 Oct 2017 at 12:48:15
 Copyright (C) 2017 TURBOMOLE GmbH, Karlsruhe


    2018-03-12 13:51:08.141 



                                  r i d f t

                        DFT program with RI approximation 
                                for coulomb part 




                                                 
                                 References:     
                                                 
          TURBOMOLE:                             
              R. Ahlrichs, M. Baer, M. Haeser, H. Horn, and
              C. Koelmel
              Electronic structure calculations on workstation
              computers: the program system TURBOMOLE
              Chem. Phys. Lett. 162: 165 (1989)
          Density Functional:                              
              O. Treutler and R. Ahlrichs                      
              Efficient Molecular Numerical Integration Schemes
              J. Chem. Phys. 102: 346 (1995)                   
          Parallel Version:                                
              Performance of parallel TURBOMOLE for Density    
              Functional Calculations                          
              M. v. Arnim and R. Ahlrichs                      
              J. Comp. Chem. 19: 1746 (1998)                   
          RI-J Method:                                     
              Auxiliary Basis Sets to approximate Coulomb      
              Potentials                                       
              Chem. Phys. Lett. 240: 283 (1995)                
              K. Eichkorn, O. Treutler, H. Oehm, M. Haeser     
              and R. Ahlrichs                                  
              Chem. Phys. Lett. 242: 652 (1995)                
                                                           
              Auxiliary Basis Sets for Main Row Atoms and their
              Use to approximate Coulomb Potentials            
              K. Eichkorn, F. Weigend, O. Treutler and         
              R. Ahlrichs                                      
              Theo. Chem. Acc. 97: 119 (1997)                   
                                                           
              Accurate Coulomb-fitting basis sets for H to Rn 
              F. Weigend                                        
              Phys. Chem. Chem. Phys. 8: 1057 (2006)            
                                                           
          Multipole accelerated RI-J (MARI-J):             
              Fast evaluation of the Coulomb potential for     
              electron densities using multipole accelerated   
              resolution of identity approximation             
              M. Sierka, A. Hogekamp and R. Ahlrichs           
              J. Chem. Phys. 118: 9136 (2003)                  
          RI-JK Method:                                     
              A fully direct RI-HF algorithm: Implementation,
              optimised auxiliary basis sets, demonstration of
              accuracy and efficiency                         
              F. Weigend                                      
              Phys. Chem. Chem. Phys. 4: 4285 (2002)           
          Two-component HF and DFT with spin-orbit coupling:  
              Self-consistent treatment of spin-orbit         
              interactions with efficient Hartree-Fock and    
              density functional methods                      
              M. K. Armbruster, F. Weigend, C. van WÃ¼llen and 
              W. Klopper                                      
              Phys. Chem. Chem. Phys. 10: 1748 (2008)         
          Relativistic all-electron 2c calculations           
              An efficient implementation of two-component    
              relativistic exact-decoupling methods for large 
              molecules                                       
              D. Peng, N. Middendorf, F. Weigend, M. Reiher   
              J. Chem. Phys. 138, 184105 (2013)               
                                         




              +--------------------------------------------------+
              |      general information about current run       |
              +--------------------------------------------------+

 

 DENSITY CONVERGENCE CHECK SWITCHED ON !
 SCF CONVERGENCE IF RMS(delta[D]) <     0.1000000000E-06

 A HF calculation using the RI-J approximation will be carried out.
 Allocatable memory for RI due to $ricore (MB):                  7000


              +--------------------------------------------------+
              | Atomic coordinate, charge and isotop information |
              +--------------------------------------------------+

                    atomic coordinates            atom    charge  isotop
         -1.97105871   -1.08499760   -0.43552370    c      6.000     0
          1.07560242   -1.70790063   -3.73048879    c      6.000     0
         -0.77035477    0.26308714   -2.70618922    c      6.000     0
          0.23629798   -2.57054356    0.78139947    c      6.000     0
          2.25518787   -2.89231339   -1.33569826    c      6.000     0
          0.72309693    2.38848922   -1.91063399    o      8.000     0
         -0.40103405    3.69546687   -1.23184628    h      1.000     0
          1.02523777   -1.50860739    2.36554082    h      1.000     0
          2.47125999   -0.85638272   -4.99658617    h      1.000     0
         -3.44456862   -2.37729965   -1.11573953    h      1.000     0
         -2.16713384    0.86190571   -4.12209802    h      1.000     0
          2.76901024   -4.87322229   -1.63294111    h      1.000     0
          0.01262086   -3.12613257   -4.80363660    h      1.000     0
          3.98392241   -1.88132413   -0.82940765    h      1.000     0
         -0.40989247   -4.39033529    1.51962142    h      1.000     0
         -2.86245630    0.24242990    0.87518380    h      1.000     0
 
       center of nuclear mass  :    0.26088364   -0.83721657   -1.55399440
       center of nuclear charge:    0.24407896   -0.89711659   -1.53783300

              +--------------------------------------------------+
              |               basis set information              |
              +--------------------------------------------------+

              we will work with the 1s 3p 5d 7f 9g ... basis set
              ...i.e. with spherical basis functions...

   type   atoms  prim   cont   basis
   ---------------------------------------------------------------------------
    c        5     50     30   cc-pVTZ   [4s3p2d1f|18s5p2d1f]
    o        1     50     30   cc-pVTZ   [4s3p2d1f|18s5p2d1f]
    h       10     16     14   cc-pVTZ   [3s2p1d|5s2p1d]
   ---------------------------------------------------------------------------
   total:   16    460    320
   ---------------------------------------------------------------------------

   total number of primitive shells          :   60
   total number of contracted shells         :  120
   total number of cartesian basis functions :  360
   total number of SCF-basis functions       :  320


 integral neglect threshold       :  0.93E-11
 integral storage threshold THIZE :  0.10E-04
 integral storage threshold THIME :         5

 RI-J AUXILIARY BASIS SET information:

              we will work with the 1s 3p 5d 7f 9g ... basis set
              ...i.e. with spherical basis functions...

   type   atoms  prim   cont   basis
   ---------------------------------------------------------------------------
    c        5     70     49   cc-pVTZ   [6s4p3d1f1g|12s5p4d2f1g]
    o        1     70     49   cc-pVTZ   [6s4p3d1f1g|12s5p4d2f1g]
    h       10     16     11   cc-pVTZ   [3s1p1d|5s2p1d]
   ---------------------------------------------------------------------------
   total:   16    580    404
   ---------------------------------------------------------------------------

   total number of primitive shells          :   56
   total number of contracted shells         :  140
   total number of cartesian basis functions :  486
   total number of SCF-basis functions       :  404


 symmetry group of the molecule :   c1 

 the group has the following generators :
   c1(z)

    1 symmetry operations found

 there are 1 real representations :   a   

 maximum number of shells which are related by symmetry :  1


    mo occupation :
   irrep   mo's   occupied
    a      320       24
 
 number of basis functions   :                    320
 number of occupied orbitals :                     24
 

 biggest AO integral is expected to be     4.866064444
  
           ------------------------
               RI-J - INFORMATION
           ------------------------
 Contributions to RI integral batches: 
  neglected integral batches:                   242
  direct contribution:                            0
  memory contribution:                  7018
 Memory core needed for (P|Q) and Cholesky      2 MByte
 Memory core minimum needed except of (P|Q)     1 MByte
 Total minimum memory core needed (sum)         2 MByte
  
 ****************************************
 Memory allocated for RI-J   235 MByte
 ****************************************
                                            

          ------------------------
          nuclear repulsion energy  :   257.399180394    
          ------------------------


         -----------------
         -S,T+V- integrals
         -----------------

 1e-integrals will be neglected if expon. factor < 0.928323E-12
 
   Difference densities algorithm switched on.
   The maximal number of linear combinations of
   difference densities is                    20 .

 DIIS switched on: error vector is FDS-SDF
 Max. Iterations for DIIS is     :   5
 DIIS matrix (see manual) 
    Scaling factor of diagonals  :  1.200
    threshold for scaling factor :  0.000

 scf convergence criterion : increment of total energy < .1000000D-06
                  and increment of one-electron energy < .1000000D-03

  MOs are in ASCII format !


 automatic virtual orbital shift switched on 
      shift if e(lumo)-e(homo) < 0.10000000    


 reading orbital data $scfmo  from file mos
 orbital characterization : scfconv=7

 DSCF restart information will be dumped onto file mos


 Starting SCF iterations

